[0/2] Re-checking globbed directories...
[1/45] Building CXX object CMakeFiles\ConvoPeq.dir\Release\src\audioengine\AudioEngine.EQResponse.cpp.obj
FAILED: [code=2] CMakeFiles/ConvoPeq.dir/Release/src/audioengine/AudioEngine.EQResponse.cpp.obj 
C:\PROGRA~1\MICROS~1\18\ENTERP~1\VC\Tools\MSVC\1451~1.362\bin\Hostx64\x64\cl.exe  /nologo /TP -DCONVOPEQ_ENABLE_AUDIOENGINE_SPLIT_CACHE_MANAGER=1 -DCONVOPEQ_ENABLE_AUDIOENGINE_SPLIT_CALC_EQ_RESPONSE=1 -DCONVOPEQ_ENABLE_AUDIOENGINE_SPLIT_COMMIT_EXECUTE=1 -DCONVOPEQ_ENABLE_AUDIOENGINE_SPLIT_COMMIT_PREPARE=1 -DCONVOPEQ_ENABLE_AUDIOENGINE_SPLIT_CTOR_DTOR=1 -DCONVOPEQ_ENABLE_AUDIOENGINE_SPLIT_FIFO_UI=1 -DCONVOPEQ_ENABLE_AUDIOENGINE_SPLIT_GLOBALS=1 -DCONVOPEQ_ENABLE_AUDIOENGINE_SPLIT_HELPERS_CROSSFADE=1 -DCONVOPEQ_ENABLE_AUDIOENGINE_SPLIT_HELPERS_NUMERIC=1 -DCONVOPEQ_ENABLE_AUDIOENGINE_SPLIT_INIT_LIFECYCLE=1 -DCONVOPEQ_ENABLE_AUDIOENGINE_SPLIT_LEARNING_DEFERRED=1 -DCONVOPEQ_ENABLE_AUDIOENGINE_SPLIT_LEARNING_HELPERS=1 -DCONVOPEQ_ENABLE_AUDIOENGINE_SPLIT_LEARNING_PROCESS=1 -DCONVOPEQ_ENABLE_AUDIOENGINE_SPLIT_LEARNING_RESET=1 -DCONVOPEQ_ENABLE_AUDIOENGINE_SPLIT_LEARNING_START=1 -DCONVOPEQ_ENABLE_AUDIOENGINE_SPLIT_LEARNING_STOP=1 -DCONVOPEQ_ENABLE_AUDIOENGINE_SPLIT_PARAMETERS=1 -DCONVOPEQ_ENABLE_AUDIOENGINE_SPLIT_PROCESSING_AUDIO_BLOCK=1 -DCONVOPEQ_ENABLE_AUDIOENGINE_SPLIT_PROCESSING_BLOCK_DOUBLE=1 -DCONVOPEQ_ENABLE_AUDIOENGINE_SPLIT_PROCESSING_DSP_DOUBLE=1 -DCONVOPEQ_ENABLE_AUDIOENGINE_SPLIT_PROCESSING_DSP_FLOAT=1 -DCONVOPEQ_ENABLE_AUDIOENGINE_SPLIT_PROCESSING_DSP_IO=1 -DCONVOPEQ_ENABLE_AUDIOENGINE_SPLIT_PROCESSING_DSP_LATENCY=1 -DCONVOPEQ_ENABLE_AUDIOENGINE_SPLIT_PROCESSING_DSP_PREPARE=1 -DCONVOPEQ_ENABLE_AUDIOENGINE_SPLIT_PROCESSING_LATENCY_QUERY=1 -DCONVOPEQ_ENABLE_AUDIOENGINE_SPLIT_PROCESSING_PREPARE_TO_PLAY=1 -DCONVOPEQ_ENABLE_AUDIOENGINE_SPLIT_PROCESSING_RELEASE_RESOURCES=1 -DCONVOPEQ_ENABLE_AUDIOENGINE_SPLIT_PROCESSING_SNAPSHOT=1 -DCONVOPEQ_ENABLE_AUDIOENGINE_SPLIT_PROCESSING_TO_BUFFER=1 -DCONVOPEQ_ENABLE_AUDIOENGINE_SPLIT_REBUILD_DISPATCH=1 -DCONVOPEQ_ENABLE_AUDIOENGINE_SPLIT_REBUILD_EXECUTE=1 -DCONVOPEQ_ENABLE_AUDIOENGINE_SPLIT_SNAPSHOT_CREATE=1 -DCONVOPEQ_ENABLE_AUDIOENGINE_SPLIT_STATEIO_GET=1 -DCONVOPEQ_ENABLE_AUDIOENGINE_SPLIT_STATEIO_LOAD=1 -DCONVOPEQ_ENABLE_AUDIOENGINE_SPLIT_THREADING_ADVANCE=1 -DCONVOPEQ_ENABLE_AUDIOENGINE_SPLIT_THREADING_DEFERRED=1 -DCONVOPEQ_ENABLE_AUDIOENGINE_SPLIT_THREADING_ENTER=1 -DCONVOPEQ_ENABLE_AUDIOENGINE_SPLIT_THREADING_EXIT=1 -DCONVOPEQ_ENABLE_AUDIOENGINE_SPLIT_THREADING_PUBLISH=1 -DCONVOPEQ_ENABLE_AUDIOENGINE_SPLIT_THREADING_RECLAIM=1 -DCONVOPEQ_ENABLE_AUDIOENGINE_SPLIT_TIMER_CALLBACK=1 -DCONVOPEQ_ENABLE_AUDIOENGINE_SPLIT_UI_EVENTS=1 -DCONVOPEQ_ENABLE_CONVOLVER_SPLIT_LIFECYCLE=1 -DCONVOPEQ_ENABLE_CONVOLVER_SPLIT_LOADER_THREAD=1 -DCONVOPEQ_ENABLE_CONVOLVER_SPLIT_LOAD_PIPELINE=1 -DCONVOPEQ_ENABLE_CONVOLVER_SPLIT_MIXED_PHASE=1 -DCONVOPEQ_ENABLE_CONVOLVER_SPLIT_REBUILD=1 -DCONVOPEQ_ENABLE_CONVOLVER_SPLIT_RESAMPLE=1 -DCONVOPEQ_ENABLE_CONVOLVER_SPLIT_RUNTIME=1 -DCONVOPEQ_ENABLE_CONVOLVER_SPLIT_STATE_UI=1 -DJUCE_APPLICATION_NAME_STRING=\"ConvoPeq\" -DJUCE_APPLICATION_VERSION_STRING=\"0.6.3\" -DJUCE_ASIO=1 -DJUCE_DISABLE_ACCESSIBILITY=1 -DJUCE_DONT_DEFINE_MIN_MAX_MACROS=1 -DJUCE_DSP_USE_INTEL_MKL=1 -DJUCE_GLOBAL_MODULE_SETTINGS_INCLUDED=1 -DJUCE_MODULE_AVAILABLE_juce_audio_basics=1 -DJUCE_MODULE_AVAILABLE_juce_audio_devices=1 -DJUCE_MODULE_AVAILABLE_juce_audio_formats=1 -DJUCE_MODULE_AVAILABLE_juce_audio_processors=1 -DJUCE_MODULE_AVAILABLE_juce_audio_processors_headless=1 -DJUCE_MODULE_AVAILABLE_juce_audio_utils=1 -DJUCE_MODULE_AVAILABLE_juce_core=1 -DJUCE_MODULE_AVAILABLE_juce_data_structures=1 -DJUCE_MODULE_AVAILABLE_juce_dsp=1 -DJUCE_MODULE_AVAILABLE_juce_events=1 -DJUCE_MODULE_AVAILABLE_juce_graphics=1 -DJUCE_MODULE_AVAILABLE_juce_gui_basics=1 -DJUCE_MODULE_AVAILABLE_juce_gui_extra=1 -DJUCE_STANDALONE_APPLICATION=1 -DJUCE_USE_CURL=0 -DJUCE_USE_SIMD=1 -DJUCE_USE_SSE_INTRINSICS=1 -DJUCE_WEB_BROWSER=0 -DJUCE_WIN_PER_MONITOR_DPI_AWARE=0 -DNDEBUG=1 -DNOMINMAX -DR8B_EXTFILTERS=0 -DR8B_FASTTIMING=1 -DUNICODE -D_CRT_SECURE_NO_WARNINGS -D_NDEBUG=1 -D_UNICODE -DCMAKE_INTDIR=\"Release\" -IC:\VSC_Project\ConvoPeq\build\ConvoPeq_artefacts\JuceLibraryCode -IC:\VSC_Project\ConvoPeq -IC:\VSC_Project\ConvoPeq\src -IC:\VSC_Project\ConvoPeq\src\audioengine -IC:\VSC_Project\ConvoPeq\src\eqprocessor -IC:\VSC_Project\ConvoPeq\JUCE\modules\juce_audio_processors_headless\format_types\VST3_SDK -IC:\VSC_Project\ConvoPeq\JUCE\modules\juce_audio_processors_headless\format_types\LV2_SDK -IC:\VSC_Project\ConvoPeq\JUCE\modules\juce_audio_processors_headless\format_types\LV2_SDK\lv2 -IC:\VSC_Project\ConvoPeq\JUCE\modules\juce_audio_processors_headless\format_types\LV2_SDK\serd -IC:\VSC_Project\ConvoPeq\JUCE\modules\juce_audio_processors_headless\format_types\LV2_SDK\sord -IC:\VSC_Project\ConvoPeq\JUCE\modules\juce_audio_processors_headless\format_types\LV2_SDK\sord\src -IC:\VSC_Project\ConvoPeq\JUCE\modules\juce_audio_processors_headless\format_types\LV2_SDK\sratom -IC:\VSC_Project\ConvoPeq\JUCE\modules\juce_audio_processors_headless\format_types\LV2_SDK\lilv -IC:\VSC_Project\ConvoPeq\JUCE\modules\juce_audio_processors_headless\format_types\LV2_SDK\lilv\src -external:IC:\VSC_Project\ConvoPeq\JUCE\modules -external:I"C:\Program Files (x86)\Intel\oneAPI\mkl\latest\include" -external:I"C:\Program Files (x86)\Intel\oneAPI\ipp\latest\include" -external:IC:\VSC_Project\ConvoPeq\r8brain-free-src -external:I"C:\Program Files (x86)\Intel\oneAPI\mkl\2025.3\include" -external:I"C:\Program Files (x86)\Intel\oneAPI\ipp\2022.3\include" -external:W0 /DWIN32 /D_WINDOWS /EHsc /Zm200 /bigobj /O2 /Ob2 /DNDEBUG /GL /arch:AVX2 /fp:fast /Gw /Gy -std:c++20 -MD /GL /GL /utf-8 /W4 /wd4100 /wd4189 /MP1 /EHsc /Zm200 /bigobj /arch:AVX2 /showIncludes /FoCMakeFiles\ConvoPeq.dir\Release\src\audioengine\AudioEngine.EQResponse.cpp.obj /FdCMakeFiles\ConvoPeq.dir\Release\ /FS -c C:\VSC_Project\ConvoPeq\src\audioengine\AudioEngine.EQResponse.cpp
C:\VSC_Project\ConvoPeq\JUCE\modules\juce_core\system/juce_StandardHeader.h(62): fatal error C1083: include ファイルを開けません。'algorithm':No such file or directory
[2/45] Building CXX object CMakeFiles\ConvoPeq.dir\Release\src\audioengine\AudioEngine.RebuildDispatch.cpp.obj
FAILED: [code=2] CMakeFiles/ConvoPeq.dir/Release/src/audioengine/AudioEngine.RebuildDispatch.cpp.obj 
C:\PROGRA~1\MICROS~1\18\ENTERP~1\VC\Tools\MSVC\1451~1.362\bin\Hostx64\x64\cl.exe  /nologo /TP -DCONVOPEQ_ENABLE_AUDIOENGINE_SPLIT_CACHE_MANAGER=1 -DCONVOPEQ_ENABLE_AUDIOENGINE_SPLIT_CALC_EQ_RESPONSE=1 -DCONVOPEQ_ENABLE_AUDIOENGINE_SPLIT_COMMIT_EXECUTE=1 -DCONVOPEQ_ENABLE_AUDIOENGINE_SPLIT_COMMIT_PREPARE=1 -DCONVOPEQ_ENABLE_AUDIOENGINE_SPLIT_CTOR_DTOR=1 -DCONVOPEQ_ENABLE_AUDIOENGINE_SPLIT_FIFO_UI=1 -DCONVOPEQ_ENABLE_AUDIOENGINE_SPLIT_GLOBALS=1 -DCONVOPEQ_ENABLE_AUDIOENGINE_SPLIT_HELPERS_CROSSFADE=1 -DCONVOPEQ_ENABLE_AUDIOENGINE_SPLIT_HELPERS_NUMERIC=1 -DCONVOPEQ_ENABLE_AUDIOENGINE_SPLIT_INIT_LIFECYCLE=1 -DCONVOPEQ_ENABLE_AUDIOENGINE_SPLIT_LEARNING_DEFERRED=1 -DCONVOPEQ_ENABLE_AUDIOENGINE_SPLIT_LEARNING_HELPERS=1 -DCONVOPEQ_ENABLE_AUDIOENGINE_SPLIT_LEARNING_PROCESS=1 -DCONVOPEQ_ENABLE_AUDIOENGINE_SPLIT_LEARNING_RESET=1 -DCONVOPEQ_ENABLE_AUDIOENGINE_SPLIT_LEARNING_START=1 -DCONVOPEQ_ENABLE_AUDIOENGINE_SPLIT_LEARNING_STOP=1 -DCONVOPEQ_ENABLE_AUDIOENGINE_SPLIT_PARAMETERS=1 -DCONVOPEQ_ENABLE_AUDIOENGINE_SPLIT_PROCESSING_AUDIO_BLOCK=1 -DCONVOPEQ_ENABLE_AUDIOENGINE_SPLIT_PROCESSING_BLOCK_DOUBLE=1 -DCONVOPEQ_ENABLE_AUDIOENGINE_SPLIT_PROCESSING_DSP_DOUBLE=1 -DCONVOPEQ_ENABLE_AUDIOENGINE_SPLIT_PROCESSING_DSP_FLOAT=1 -DCONVOPEQ_ENABLE_AUDIOENGINE_SPLIT_PROCESSING_DSP_IO=1 -DCONVOPEQ_ENABLE_AUDIOENGINE_SPLIT_PROCESSING_DSP_LATENCY=1 -DCONVOPEQ_ENABLE_AUDIOENGINE_SPLIT_PROCESSING_DSP_PREPARE=1 -DCONVOPEQ_ENABLE_AUDIOENGINE_SPLIT_PROCESSING_LATENCY_QUERY=1 -DCONVOPEQ_ENABLE_AUDIOENGINE_SPLIT_PROCESSING_PREPARE_TO_PLAY=1 -DCONVOPEQ_ENABLE_AUDIOENGINE_SPLIT_PROCESSING_RELEASE_RESOURCES=1 -DCONVOPEQ_ENABLE_AUDIOENGINE_SPLIT_PROCESSING_SNAPSHOT=1 -DCONVOPEQ_ENABLE_AUDIOENGINE_SPLIT_PROCESSING_TO_BUFFER=1 -DCONVOPEQ_ENABLE_AUDIOENGINE_SPLIT_REBUILD_DISPATCH=1 -DCONVOPEQ_ENABLE_AUDIOENGINE_SPLIT_REBUILD_EXECUTE=1 -DCONVOPEQ_ENABLE_AUDIOENGINE_SPLIT_SNAPSHOT_CREATE=1 -DCONVOPEQ_ENABLE_AUDIOENGINE_SPLIT_STATEIO_GET=1 -DCONVOPEQ_ENABLE_AUDIOENGINE_SPLIT_STATEIO_LOAD=1 -DCONVOPEQ_ENABLE_AUDIOENGINE_SPLIT_THREADING_ADVANCE=1 -DCONVOPEQ_ENABLE_AUDIOENGINE_SPLIT_THREADING_DEFERRED=1 -DCONVOPEQ_ENABLE_AUDIOENGINE_SPLIT_THREADING_ENTER=1 -DCONVOPEQ_ENABLE_AUDIOENGINE_SPLIT_THREADING_EXIT=1 -DCONVOPEQ_ENABLE_AUDIOENGINE_SPLIT_THREADING_PUBLISH=1 -DCONVOPEQ_ENABLE_AUDIOENGINE_SPLIT_THREADING_RECLAIM=1 -DCONVOPEQ_ENABLE_AUDIOENGINE_SPLIT_TIMER_CALLBACK=1 -DCONVOPEQ_ENABLE_AUDIOENGINE_SPLIT_UI_EVENTS=1 -DCONVOPEQ_ENABLE_CONVOLVER_SPLIT_LIFECYCLE=1 -DCONVOPEQ_ENABLE_CONVOLVER_SPLIT_LOADER_THREAD=1 -DCONVOPEQ_ENABLE_CONVOLVER_SPLIT_LOAD_PIPELINE=1 -DCONVOPEQ_ENABLE_CONVOLVER_SPLIT_MIXED_PHASE=1 -DCONVOPEQ_ENABLE_CONVOLVER_SPLIT_REBUILD=1 -DCONVOPEQ_ENABLE_CONVOLVER_SPLIT_RESAMPLE=1 -DCONVOPEQ_ENABLE_CONVOLVER_SPLIT_RUNTIME=1 -DCONVOPEQ_ENABLE_CONVOLVER_SPLIT_STATE_UI=1 -DJUCE_APPLICATION_NAME_STRING=\"ConvoPeq\" -DJUCE_APPLICATION_VERSION_STRING=\"0.6.3\" -DJUCE_ASIO=1 -DJUCE_DISABLE_ACCESSIBILITY=1 -DJUCE_DONT_DEFINE_MIN_MAX_MACROS=1 -DJUCE_DSP_USE_INTEL_MKL=1 -DJUCE_GLOBAL_MODULE_SETTINGS_INCLUDED=1 -DJUCE_MODULE_AVAILABLE_juce_audio_basics=1 -DJUCE_MODULE_AVAILABLE_juce_audio_devices=1 -DJUCE_MODULE_AVAILABLE_juce_audio_formats=1 -DJUCE_MODULE_AVAILABLE_juce_audio_processors=1 -DJUCE_MODULE_AVAILABLE_juce_audio_processors_headless=1 -DJUCE_MODULE_AVAILABLE_juce_audio_utils=1 -DJUCE_MODULE_AVAILABLE_juce_core=1 -DJUCE_MODULE_AVAILABLE_juce_data_structures=1 -DJUCE_MODULE_AVAILABLE_juce_dsp=1 -DJUCE_MODULE_AVAILABLE_juce_events=1 -DJUCE_MODULE_AVAILABLE_juce_graphics=1 -DJUCE_MODULE_AVAILABLE_juce_gui_basics=1 -DJUCE_MODULE_AVAILABLE_juce_gui_extra=1 -DJUCE_STANDALONE_APPLICATION=1 -DJUCE_USE_CURL=0 -DJUCE_USE_SIMD=1 -DJUCE_USE_SSE_INTRINSICS=1 -DJUCE_WEB_BROWSER=0 -DJUCE_WIN_PER_MONITOR_DPI_AWARE=0 -DNDEBUG=1 -DNOMINMAX -DR8B_EXTFILTERS=0 -DR8B_FASTTIMING=1 -DUNICODE -D_CRT_SECURE_NO_WARNINGS -D_NDEBUG=1 -D_UNICODE -DCMAKE_INTDIR=\"Release\" -IC:\VSC_Project\ConvoPeq\build\ConvoPeq_artefacts\JuceLibraryCode -IC:\VSC_Project\ConvoPeq -IC:\VSC_Project\ConvoPeq\src -IC:\VSC_Project\ConvoPeq\src\audioengine -IC:\VSC_Project\ConvoPeq\src\eqprocessor -IC:\VSC_Project\ConvoPeq\JUCE\modules\juce_audio_processors_headless\format_types\VST3_SDK -IC:\VSC_Project\ConvoPeq\JUCE\modules\juce_audio_processors_headless\format_types\LV2_SDK -IC:\VSC_Project\ConvoPeq\JUCE\modules\juce_audio_processors_headless\format_types\LV2_SDK\lv2 -IC:\VSC_Project\ConvoPeq\JUCE\modules\juce_audio_processors_headless\format_types\LV2_SDK\serd -IC:\VSC_Project\ConvoPeq\JUCE\modules\juce_audio_processors_headless\format_types\LV2_SDK\sord -IC:\VSC_Project\ConvoPeq\JUCE\modules\juce_audio_processors_headless\format_types\LV2_SDK\sord\src -IC:\VSC_Project\ConvoPeq\JUCE\modules\juce_audio_processors_headless\format_types\LV2_SDK\sratom -IC:\VSC_Project\ConvoPeq\JUCE\modules\juce_audio_processors_headless\format_types\LV2_SDK\lilv -IC:\VSC_Project\ConvoPeq\JUCE\modules\juce_audio_processors_headless\format_types\LV2_SDK\lilv\src -external:IC:\VSC_Project\ConvoPeq\JUCE\modules -external:I"C:\Program Files (x86)\Intel\oneAPI\mkl\latest\include" -external:I"C:\Program Files (x86)\Intel\oneAPI\ipp\latest\include" -external:IC:\VSC_Project\ConvoPeq\r8brain-free-src -external:I"C:\Program Files (x86)\Intel\oneAPI\mkl\2025.3\include" -external:I"C:\Program Files (x86)\Intel\oneAPI\ipp\2022.3\include" -external:W0 /DWIN32 /D_WINDOWS /EHsc /Zm200 /bigobj /O2 /Ob2 /DNDEBUG /GL /arch:AVX2 /fp:fast /Gw /Gy -std:c++20 -MD /GL /GL /utf-8 /W4 /wd4100 /wd4189 /MP1 /EHsc /Zm200 /bigobj /arch:AVX2 /showIncludes /FoCMakeFiles\ConvoPeq.dir\Release\src\audioengine\AudioEngine.RebuildDispatch.cpp.obj /FdCMakeFiles\ConvoPeq.dir\Release\ /FS -c C:\VSC_Project\ConvoPeq\src\audioengine\AudioEngine.RebuildDispatch.cpp
C:\VSC_Project\ConvoPeq\JUCE\modules\juce_core\system/juce_StandardHeader.h(62): fatal error C1083: include ファイルを開けません。'algorithm':No such file or directory
[3/45] Building CXX object CMakeFiles\ConvoPeq.dir\Release\src\audioengine\AudioEngine.Commit.cpp.obj
FAILED: [code=2] CMakeFiles/ConvoPeq.dir/Release/src/audioengine/AudioEngine.Commit.cpp.obj 
C:\PROGRA~1\MICROS~1\18\ENTERP~1\VC\Tools\MSVC\1451~1.362\bin\Hostx64\x64\cl.exe  /nologo /TP -DCONVOPEQ_ENABLE_AUDIOENGINE_SPLIT_CACHE_MANAGER=1 -DCONVOPEQ_ENABLE_AUDIOENGINE_SPLIT_CALC_EQ_RESPONSE=1 -DCONVOPEQ_ENABLE_AUDIOENGINE_SPLIT_COMMIT_EXECUTE=1 -DCONVOPEQ_ENABLE_AUDIOENGINE_SPLIT_COMMIT_PREPARE=1 -DCONVOPEQ_ENABLE_AUDIOENGINE_SPLIT_CTOR_DTOR=1 -DCONVOPEQ_ENABLE_AUDIOENGINE_SPLIT_FIFO_UI=1 -DCONVOPEQ_ENABLE_AUDIOENGINE_SPLIT_GLOBALS=1 -DCONVOPEQ_ENABLE_AUDIOENGINE_SPLIT_HELPERS_CROSSFADE=1 -DCONVOPEQ_ENABLE_AUDIOENGINE_SPLIT_HELPERS_NUMERIC=1 -DCONVOPEQ_ENABLE_AUDIOENGINE_SPLIT_INIT_LIFECYCLE=1 -DCONVOPEQ_ENABLE_AUDIOENGINE_SPLIT_LEARNING_DEFERRED=1 -DCONVOPEQ_ENABLE_AUDIOENGINE_SPLIT_LEARNING_HELPERS=1 -DCONVOPEQ_ENABLE_AUDIOENGINE_SPLIT_LEARNING_PROCESS=1 -DCONVOPEQ_ENABLE_AUDIOENGINE_SPLIT_LEARNING_RESET=1 -DCONVOPEQ_ENABLE_AUDIOENGINE_SPLIT_LEARNING_START=1 -DCONVOPEQ_ENABLE_AUDIOENGINE_SPLIT_LEARNING_STOP=1 -DCONVOPEQ_ENABLE_AUDIOENGINE_SPLIT_PARAMETERS=1 -DCONVOPEQ_ENABLE_AUDIOENGINE_SPLIT_PROCESSING_AUDIO_BLOCK=1 -DCONVOPEQ_ENABLE_AUDIOENGINE_SPLIT_PROCESSING_BLOCK_DOUBLE=1 -DCONVOPEQ_ENABLE_AUDIOENGINE_SPLIT_PROCESSING_DSP_DOUBLE=1 -DCONVOPEQ_ENABLE_AUDIOENGINE_SPLIT_PROCESSING_DSP_FLOAT=1 -DCONVOPEQ_ENABLE_AUDIOENGINE_SPLIT_PROCESSING_DSP_IO=1 -DCONVOPEQ_ENABLE_AUDIOENGINE_SPLIT_PROCESSING_DSP_LATENCY=1 -DCONVOPEQ_ENABLE_AUDIOENGINE_SPLIT_PROCESSING_DSP_PREPARE=1 -DCONVOPEQ_ENABLE_AUDIOENGINE_SPLIT_PROCESSING_LATENCY_QUERY=1 -DCONVOPEQ_ENABLE_AUDIOENGINE_SPLIT_PROCESSING_PREPARE_TO_PLAY=1 -DCONVOPEQ_ENABLE_AUDIOENGINE_SPLIT_PROCESSING_RELEASE_RESOURCES=1 -DCONVOPEQ_ENABLE_AUDIOENGINE_SPLIT_PROCESSING_SNAPSHOT=1 -DCONVOPEQ_ENABLE_AUDIOENGINE_SPLIT_PROCESSING_TO_BUFFER=1 -DCONVOPEQ_ENABLE_AUDIOENGINE_SPLIT_REBUILD_DISPATCH=1 -DCONVOPEQ_ENABLE_AUDIOENGINE_SPLIT_REBUILD_EXECUTE=1 -DCONVOPEQ_ENABLE_AUDIOENGINE_SPLIT_SNAPSHOT_CREATE=1 -DCONVOPEQ_ENABLE_AUDIOENGINE_SPLIT_STATEIO_GET=1 -DCONVOPEQ_ENABLE_AUDIOENGINE_SPLIT_STATEIO_LOAD=1 -DCONVOPEQ_ENABLE_AUDIOENGINE_SPLIT_THREADING_ADVANCE=1 -DCONVOPEQ_ENABLE_AUDIOENGINE_SPLIT_THREADING_DEFERRED=1 -DCONVOPEQ_ENABLE_AUDIOENGINE_SPLIT_THREADING_ENTER=1 -DCONVOPEQ_ENABLE_AUDIOENGINE_SPLIT_THREADING_EXIT=1 -DCONVOPEQ_ENABLE_AUDIOENGINE_SPLIT_THREADING_PUBLISH=1 -DCONVOPEQ_ENABLE_AUDIOENGINE_SPLIT_THREADING_RECLAIM=1 -DCONVOPEQ_ENABLE_AUDIOENGINE_SPLIT_TIMER_CALLBACK=1 -DCONVOPEQ_ENABLE_AUDIOENGINE_SPLIT_UI_EVENTS=1 -DCONVOPEQ_ENABLE_CONVOLVER_SPLIT_LIFECYCLE=1 -DCONVOPEQ_ENABLE_CONVOLVER_SPLIT_LOADER_THREAD=1 -DCONVOPEQ_ENABLE_CONVOLVER_SPLIT_LOAD_PIPELINE=1 -DCONVOPEQ_ENABLE_CONVOLVER_SPLIT_MIXED_PHASE=1 -DCONVOPEQ_ENABLE_CONVOLVER_SPLIT_REBUILD=1 -DCONVOPEQ_ENABLE_CONVOLVER_SPLIT_RESAMPLE=1 -DCONVOPEQ_ENABLE_CONVOLVER_SPLIT_RUNTIME=1 -DCONVOPEQ_ENABLE_CONVOLVER_SPLIT_STATE_UI=1 -DJUCE_APPLICATION_NAME_STRING=\"ConvoPeq\" -DJUCE_APPLICATION_VERSION_STRING=\"0.6.3\" -DJUCE_ASIO=1 -DJUCE_DISABLE_ACCESSIBILITY=1 -DJUCE_DONT_DEFINE_MIN_MAX_MACROS=1 -DJUCE_DSP_USE_INTEL_MKL=1 -DJUCE_GLOBAL_MODULE_SETTINGS_INCLUDED=1 -DJUCE_MODULE_AVAILABLE_juce_audio_basics=1 -DJUCE_MODULE_AVAILABLE_juce_audio_devices=1 -DJUCE_MODULE_AVAILABLE_juce_audio_formats=1 -DJUCE_MODULE_AVAILABLE_juce_audio_processors=1 -DJUCE_MODULE_AVAILABLE_juce_audio_processors_headless=1 -DJUCE_MODULE_AVAILABLE_juce_audio_utils=1 -DJUCE_MODULE_AVAILABLE_juce_core=1 -DJUCE_MODULE_AVAILABLE_juce_data_structures=1 -DJUCE_MODULE_AVAILABLE_juce_dsp=1 -DJUCE_MODULE_AVAILABLE_juce_events=1 -DJUCE_MODULE_AVAILABLE_juce_graphics=1 -DJUCE_MODULE_AVAILABLE_juce_gui_basics=1 -DJUCE_MODULE_AVAILABLE_juce_gui_extra=1 -DJUCE_STANDALONE_APPLICATION=1 -DJUCE_USE_CURL=0 -DJUCE_USE_SIMD=1 -DJUCE_USE_SSE_INTRINSICS=1 -DJUCE_WEB_BROWSER=0 -DJUCE_WIN_PER_MONITOR_DPI_AWARE=0 -DNDEBUG=1 -DNOMINMAX -DR8B_EXTFILTERS=0 -DR8B_FASTTIMING=1 -DUNICODE -D_CRT_SECURE_NO_WARNINGS -D_NDEBUG=1 -D_UNICODE -DCMAKE_INTDIR=\"Release\" -IC:\VSC_Project\ConvoPeq\build\ConvoPeq_artefacts\JuceLibraryCode -IC:\VSC_Project\ConvoPeq -IC:\VSC_Project\ConvoPeq\src -IC:\VSC_Project\ConvoPeq\src\audioengine -IC:\VSC_Project\ConvoPeq\src\eqprocessor -IC:\VSC_Project\ConvoPeq\JUCE\modules\juce_audio_processors_headless\format_types\VST3_SDK -IC:\VSC_Project\ConvoPeq\JUCE\modules\juce_audio_processors_headless\format_types\LV2_SDK -IC:\VSC_Project\ConvoPeq\JUCE\modules\juce_audio_processors_headless\format_types\LV2_SDK\lv2 -IC:\VSC_Project\ConvoPeq\JUCE\modules\juce_audio_processors_headless\format_types\LV2_SDK\serd -IC:\VSC_Project\ConvoPeq\JUCE\modules\juce_audio_processors_headless\format_types\LV2_SDK\sord -IC:\VSC_Project\ConvoPeq\JUCE\modules\juce_audio_processors_headless\format_types\LV2_SDK\sord\src -IC:\VSC_Project\ConvoPeq\JUCE\modules\juce_audio_processors_headless\format_types\LV2_SDK\sratom -IC:\VSC_Project\ConvoPeq\JUCE\modules\juce_audio_processors_headless\format_types\LV2_SDK\lilv -IC:\VSC_Project\ConvoPeq\JUCE\modules\juce_audio_processors_headless\format_types\LV2_SDK\lilv\src -external:IC:\VSC_Project\ConvoPeq\JUCE\modules -external:I"C:\Program Files (x86)\Intel\oneAPI\mkl\latest\include" -external:I"C:\Program Files (x86)\Intel\oneAPI\ipp\latest\include" -external:IC:\VSC_Project\ConvoPeq\r8brain-free-src -external:I"C:\Program Files (x86)\Intel\oneAPI\mkl\2025.3\include" -external:I"C:\Program Files (x86)\Intel\oneAPI\ipp\2022.3\include" -external:W0 /DWIN32 /D_WINDOWS /EHsc /Zm200 /bigobj /O2 /Ob2 /DNDEBUG /GL /arch:AVX2 /fp:fast /Gw /Gy -std:c++20 -MD /GL /GL /utf-8 /W4 /wd4100 /wd4189 /MP1 /EHsc /Zm200 /bigobj /arch:AVX2 /showIncludes /FoCMakeFiles\ConvoPeq.dir\Release\src\audioengine\AudioEngine.Commit.cpp.obj /FdCMakeFiles\ConvoPeq.dir\Release\ /FS -c C:\VSC_Project\ConvoPeq\src\audioengine\AudioEngine.Commit.cpp
C:\VSC_Project\ConvoPeq\JUCE\modules\juce_core\system/juce_StandardHeader.h(62): fatal error C1083: include ファイルを開けません。'algorithm':No such file or directory
[4/45] Building CXX object CMakeFiles\ConvoPeq.dir\Release\src\audioengine\AudioEngine.Cache.cpp.obj
FAILED: [code=2] CMakeFiles/ConvoPeq.dir/Release/src/audioengine/AudioEngine.Cache.cpp.obj 
C:\PROGRA~1\MICROS~1\18\ENTERP~1\VC\Tools\MSVC\1451~1.362\bin\Hostx64\x64\cl.exe  /nologo /TP -DCONVOPEQ_ENABLE_AUDIOENGINE_SPLIT_CACHE_MANAGER=1 -DCONVOPEQ_ENABLE_AUDIOENGINE_SPLIT_CALC_EQ_RESPONSE=1 -DCONVOPEQ_ENABLE_AUDIOENGINE_SPLIT_COMMIT_EXECUTE=1 -DCONVOPEQ_ENABLE_AUDIOENGINE_SPLIT_COMMIT_PREPARE=1 -DCONVOPEQ_ENABLE_AUDIOENGINE_SPLIT_CTOR_DTOR=1 -DCONVOPEQ_ENABLE_AUDIOENGINE_SPLIT_FIFO_UI=1 -DCONVOPEQ_ENABLE_AUDIOENGINE_SPLIT_GLOBALS=1 -DCONVOPEQ_ENABLE_AUDIOENGINE_SPLIT_HELPERS_CROSSFADE=1 -DCONVOPEQ_ENABLE_AUDIOENGINE_SPLIT_HELPERS_NUMERIC=1 -DCONVOPEQ_ENABLE_AUDIOENGINE_SPLIT_INIT_LIFECYCLE=1 -DCONVOPEQ_ENABLE_AUDIOENGINE_SPLIT_LEARNING_DEFERRED=1 -DCONVOPEQ_ENABLE_AUDIOENGINE_SPLIT_LEARNING_HELPERS=1 -DCONVOPEQ_ENABLE_AUDIOENGINE_SPLIT_LEARNING_PROCESS=1 -DCONVOPEQ_ENABLE_AUDIOENGINE_SPLIT_LEARNING_RESET=1 -DCONVOPEQ_ENABLE_AUDIOENGINE_SPLIT_LEARNING_START=1 -DCONVOPEQ_ENABLE_AUDIOENGINE_SPLIT_LEARNING_STOP=1 -DCONVOPEQ_ENABLE_AUDIOENGINE_SPLIT_PARAMETERS=1 -DCONVOPEQ_ENABLE_AUDIOENGINE_SPLIT_PROCESSING_AUDIO_BLOCK=1 -DCONVOPEQ_ENABLE_AUDIOENGINE_SPLIT_PROCESSING_BLOCK_DOUBLE=1 -DCONVOPEQ_ENABLE_AUDIOENGINE_SPLIT_PROCESSING_DSP_DOUBLE=1 -DCONVOPEQ_ENABLE_AUDIOENGINE_SPLIT_PROCESSING_DSP_FLOAT=1 -DCONVOPEQ_ENABLE_AUDIOENGINE_SPLIT_PROCESSING_DSP_IO=1 -DCONVOPEQ_ENABLE_AUDIOENGINE_SPLIT_PROCESSING_DSP_LATENCY=1 -DCONVOPEQ_ENABLE_AUDIOENGINE_SPLIT_PROCESSING_DSP_PREPARE=1 -DCONVOPEQ_ENABLE_AUDIOENGINE_SPLIT_PROCESSING_LATENCY_QUERY=1 -DCONVOPEQ_ENABLE_AUDIOENGINE_SPLIT_PROCESSING_PREPARE_TO_PLAY=1 -DCONVOPEQ_ENABLE_AUDIOENGINE_SPLIT_PROCESSING_RELEASE_RESOURCES=1 -DCONVOPEQ_ENABLE_AUDIOENGINE_SPLIT_PROCESSING_SNAPSHOT=1 -DCONVOPEQ_ENABLE_AUDIOENGINE_SPLIT_PROCESSING_TO_BUFFER=1 -DCONVOPEQ_ENABLE_AUDIOENGINE_SPLIT_REBUILD_DISPATCH=1 -DCONVOPEQ_ENABLE_AUDIOENGINE_SPLIT_REBUILD_EXECUTE=1 -DCONVOPEQ_ENABLE_AUDIOENGINE_SPLIT_SNAPSHOT_CREATE=1 -DCONVOPEQ_ENABLE_AUDIOENGINE_SPLIT_STATEIO_GET=1 -DCONVOPEQ_ENABLE_AUDIOENGINE_SPLIT_STATEIO_LOAD=1 -DCONVOPEQ_ENABLE_AUDIOENGINE_SPLIT_THREADING_ADVANCE=1 -DCONVOPEQ_ENABLE_AUDIOENGINE_SPLIT_THREADING_DEFERRED=1 -DCONVOPEQ_ENABLE_AUDIOENGINE_SPLIT_THREADING_ENTER=1 -DCONVOPEQ_ENABLE_AUDIOENGINE_SPLIT_THREADING_EXIT=1 -DCONVOPEQ_ENABLE_AUDIOENGINE_SPLIT_THREADING_PUBLISH=1 -DCONVOPEQ_ENABLE_AUDIOENGINE_SPLIT_THREADING_RECLAIM=1 -DCONVOPEQ_ENABLE_AUDIOENGINE_SPLIT_TIMER_CALLBACK=1 -DCONVOPEQ_ENABLE_AUDIOENGINE_SPLIT_UI_EVENTS=1 -DCONVOPEQ_ENABLE_CONVOLVER_SPLIT_LIFECYCLE=1 -DCONVOPEQ_ENABLE_CONVOLVER_SPLIT_LOADER_THREAD=1 -DCONVOPEQ_ENABLE_CONVOLVER_SPLIT_LOAD_PIPELINE=1 -DCONVOPEQ_ENABLE_CONVOLVER_SPLIT_MIXED_PHASE=1 -DCONVOPEQ_ENABLE_CONVOLVER_SPLIT_REBUILD=1 -DCONVOPEQ_ENABLE_CONVOLVER_SPLIT_RESAMPLE=1 -DCONVOPEQ_ENABLE_CONVOLVER_SPLIT_RUNTIME=1 -DCONVOPEQ_ENABLE_CONVOLVER_SPLIT_STATE_UI=1 -DJUCE_APPLICATION_NAME_STRING=\"ConvoPeq\" -DJUCE_APPLICATION_VERSION_STRING=\"0.6.3\" -DJUCE_ASIO=1 -DJUCE_DISABLE_ACCESSIBILITY=1 -DJUCE_DONT_DEFINE_MIN_MAX_MACROS=1 -DJUCE_DSP_USE_INTEL_MKL=1 -DJUCE_GLOBAL_MODULE_SETTINGS_INCLUDED=1 -DJUCE_MODULE_AVAILABLE_juce_audio_basics=1 -DJUCE_MODULE_AVAILABLE_juce_audio_devices=1 -DJUCE_MODULE_AVAILABLE_juce_audio_formats=1 -DJUCE_MODULE_AVAILABLE_juce_audio_processors=1 -DJUCE_MODULE_AVAILABLE_juce_audio_processors_headless=1 -DJUCE_MODULE_AVAILABLE_juce_audio_utils=1 -DJUCE_MODULE_AVAILABLE_juce_core=1 -DJUCE_MODULE_AVAILABLE_juce_data_structures=1 -DJUCE_MODULE_AVAILABLE_juce_dsp=1 -DJUCE_MODULE_AVAILABLE_juce_events=1 -DJUCE_MODULE_AVAILABLE_juce_graphics=1 -DJUCE_MODULE_AVAILABLE_juce_gui_basics=1 -DJUCE_MODULE_AVAILABLE_juce_gui_extra=1 -DJUCE_STANDALONE_APPLICATION=1 -DJUCE_USE_CURL=0 -DJUCE_USE_SIMD=1 -DJUCE_USE_SSE_INTRINSICS=1 -DJUCE_WEB_BROWSER=0 -DJUCE_WIN_PER_MONITOR_DPI_AWARE=0 -DNDEBUG=1 -DNOMINMAX -DR8B_EXTFILTERS=0 -DR8B_FASTTIMING=1 -DUNICODE -D_CRT_SECURE_NO_WARNINGS -D_NDEBUG=1 -D_UNICODE -DCMAKE_INTDIR=\"Release\" -IC:\VSC_Project\ConvoPeq\build\ConvoPeq_artefacts\JuceLibraryCode -IC:\VSC_Project\ConvoPeq -IC:\VSC_Project\ConvoPeq\src -IC:\VSC_Project\ConvoPeq\src\audioengine -IC:\VSC_Project\ConvoPeq\src\eqprocessor -IC:\VSC_Project\ConvoPeq\JUCE\modules\juce_audio_processors_headless\format_types\VST3_SDK -IC:\VSC_Project\ConvoPeq\JUCE\modules\juce_audio_processors_headless\format_types\LV2_SDK -IC:\VSC_Project\ConvoPeq\JUCE\modules\juce_audio_processors_headless\format_types\LV2_SDK\lv2 -IC:\VSC_Project\ConvoPeq\JUCE\modules\juce_audio_processors_headless\format_types\LV2_SDK\serd -IC:\VSC_Project\ConvoPeq\JUCE\modules\juce_audio_processors_headless\format_types\LV2_SDK\sord -IC:\VSC_Project\ConvoPeq\JUCE\modules\juce_audio_processors_headless\format_types\LV2_SDK\sord\src -IC:\VSC_Project\ConvoPeq\JUCE\modules\juce_audio_processors_headless\format_types\LV2_SDK\sratom -IC:\VSC_Project\ConvoPeq\JUCE\modules\juce_audio_processors_headless\format_types\LV2_SDK\lilv -IC:\VSC_Project\ConvoPeq\JUCE\modules\juce_audio_processors_headless\format_types\LV2_SDK\lilv\src -external:IC:\VSC_Project\ConvoPeq\JUCE\modules -external:I"C:\Program Files (x86)\Intel\oneAPI\mkl\latest\include" -external:I"C:\Program Files (x86)\Intel\oneAPI\ipp\latest\include" -external:IC:\VSC_Project\ConvoPeq\r8brain-free-src -external:I"C:\Program Files (x86)\Intel\oneAPI\mkl\2025.3\include" -external:I"C:\Program Files (x86)\Intel\oneAPI\ipp\2022.3\include" -external:W0 /DWIN32 /D_WINDOWS /EHsc /Zm200 /bigobj /O2 /Ob2 /DNDEBUG /GL /arch:AVX2 /fp:fast /Gw /Gy -std:c++20 -MD /GL /GL /utf-8 /W4 /wd4100 /wd4189 /MP1 /EHsc /Zm200 /bigobj /arch:AVX2 /showIncludes /FoCMakeFiles\ConvoPeq.dir\Release\src\audioengine\AudioEngine.Cache.cpp.obj /FdCMakeFiles\ConvoPeq.dir\Release\ /FS -c C:\VSC_Project\ConvoPeq\src\audioengine\AudioEngine.Cache.cpp
C:\VSC_Project\ConvoPeq\JUCE\modules\juce_core\system/juce_StandardHeader.h(62): fatal error C1083: include ファイルを開けません。'algorithm':No such file or directory
[5/45] Building CXX object CMakeFiles\ConvoPeq.dir\Release\src\MainApplication.cpp.obj
FAILED: [code=2] CMakeFiles/ConvoPeq.dir/Release/src/MainApplication.cpp.obj 
C:\PROGRA~1\MICROS~1\18\ENTERP~1\VC\Tools\MSVC\1451~1.362\bin\Hostx64\x64\cl.exe  /nologo /TP -DCONVOPEQ_ENABLE_AUDIOENGINE_SPLIT_CACHE_MANAGER=1 -DCONVOPEQ_ENABLE_AUDIOENGINE_SPLIT_CALC_EQ_RESPONSE=1 -DCONVOPEQ_ENABLE_AUDIOENGINE_SPLIT_COMMIT_EXECUTE=1 -DCONVOPEQ_ENABLE_AUDIOENGINE_SPLIT_COMMIT_PREPARE=1 -DCONVOPEQ_ENABLE_AUDIOENGINE_SPLIT_CTOR_DTOR=1 -DCONVOPEQ_ENABLE_AUDIOENGINE_SPLIT_FIFO_UI=1 -DCONVOPEQ_ENABLE_AUDIOENGINE_SPLIT_GLOBALS=1 -DCONVOPEQ_ENABLE_AUDIOENGINE_SPLIT_HELPERS_CROSSFADE=1 -DCONVOPEQ_ENABLE_AUDIOENGINE_SPLIT_HELPERS_NUMERIC=1 -DCONVOPEQ_ENABLE_AUDIOENGINE_SPLIT_INIT_LIFECYCLE=1 -DCONVOPEQ_ENABLE_AUDIOENGINE_SPLIT_LEARNING_DEFERRED=1 -DCONVOPEQ_ENABLE_AUDIOENGINE_SPLIT_LEARNING_HELPERS=1 -DCONVOPEQ_ENABLE_AUDIOENGINE_SPLIT_LEARNING_PROCESS=1 -DCONVOPEQ_ENABLE_AUDIOENGINE_SPLIT_LEARNING_RESET=1 -DCONVOPEQ_ENABLE_AUDIOENGINE_SPLIT_LEARNING_START=1 -DCONVOPEQ_ENABLE_AUDIOENGINE_SPLIT_LEARNING_STOP=1 -DCONVOPEQ_ENABLE_AUDIOENGINE_SPLIT_PARAMETERS=1 -DCONVOPEQ_ENABLE_AUDIOENGINE_SPLIT_PROCESSING_AUDIO_BLOCK=1 -DCONVOPEQ_ENABLE_AUDIOENGINE_SPLIT_PROCESSING_BLOCK_DOUBLE=1 -DCONVOPEQ_ENABLE_AUDIOENGINE_SPLIT_PROCESSING_DSP_DOUBLE=1 -DCONVOPEQ_ENABLE_AUDIOENGINE_SPLIT_PROCESSING_DSP_FLOAT=1 -DCONVOPEQ_ENABLE_AUDIOENGINE_SPLIT_PROCESSING_DSP_IO=1 -DCONVOPEQ_ENABLE_AUDIOENGINE_SPLIT_PROCESSING_DSP_LATENCY=1 -DCONVOPEQ_ENABLE_AUDIOENGINE_SPLIT_PROCESSING_DSP_PREPARE=1 -DCONVOPEQ_ENABLE_AUDIOENGINE_SPLIT_PROCESSING_LATENCY_QUERY=1 -DCONVOPEQ_ENABLE_AUDIOENGINE_SPLIT_PROCESSING_PREPARE_TO_PLAY=1 -DCONVOPEQ_ENABLE_AUDIOENGINE_SPLIT_PROCESSING_RELEASE_RESOURCES=1 -DCONVOPEQ_ENABLE_AUDIOENGINE_SPLIT_PROCESSING_SNAPSHOT=1 -DCONVOPEQ_ENABLE_AUDIOENGINE_SPLIT_PROCESSING_TO_BUFFER=1 -DCONVOPEQ_ENABLE_AUDIOENGINE_SPLIT_REBUILD_DISPATCH=1 -DCONVOPEQ_ENABLE_AUDIOENGINE_SPLIT_REBUILD_EXECUTE=1 -DCONVOPEQ_ENABLE_AUDIOENGINE_SPLIT_SNAPSHOT_CREATE=1 -DCONVOPEQ_ENABLE_AUDIOENGINE_SPLIT_STATEIO_GET=1 -DCONVOPEQ_ENABLE_AUDIOENGINE_SPLIT_STATEIO_LOAD=1 -DCONVOPEQ_ENABLE_AUDIOENGINE_SPLIT_THREADING_ADVANCE=1 -DCONVOPEQ_ENABLE_AUDIOENGINE_SPLIT_THREADING_DEFERRED=1 -DCONVOPEQ_ENABLE_AUDIOENGINE_SPLIT_THREADING_ENTER=1 -DCONVOPEQ_ENABLE_AUDIOENGINE_SPLIT_THREADING_EXIT=1 -DCONVOPEQ_ENABLE_AUDIOENGINE_SPLIT_THREADING_PUBLISH=1 -DCONVOPEQ_ENABLE_AUDIOENGINE_SPLIT_THREADING_RECLAIM=1 -DCONVOPEQ_ENABLE_AUDIOENGINE_SPLIT_TIMER_CALLBACK=1 -DCONVOPEQ_ENABLE_AUDIOENGINE_SPLIT_UI_EVENTS=1 -DCONVOPEQ_ENABLE_CONVOLVER_SPLIT_LIFECYCLE=1 -DCONVOPEQ_ENABLE_CONVOLVER_SPLIT_LOADER_THREAD=1 -DCONVOPEQ_ENABLE_CONVOLVER_SPLIT_LOAD_PIPELINE=1 -DCONVOPEQ_ENABLE_CONVOLVER_SPLIT_MIXED_PHASE=1 -DCONVOPEQ_ENABLE_CONVOLVER_SPLIT_REBUILD=1 -DCONVOPEQ_ENABLE_CONVOLVER_SPLIT_RESAMPLE=1 -DCONVOPEQ_ENABLE_CONVOLVER_SPLIT_RUNTIME=1 -DCONVOPEQ_ENABLE_CONVOLVER_SPLIT_STATE_UI=1 -DJUCE_APPLICATION_NAME_STRING=\"ConvoPeq\" -DJUCE_APPLICATION_VERSION_STRING=\"0.6.3\" -DJUCE_ASIO=1 -DJUCE_DISABLE_ACCESSIBILITY=1 -DJUCE_DONT_DEFINE_MIN_MAX_MACROS=1 -DJUCE_DSP_USE_INTEL_MKL=1 -DJUCE_GLOBAL_MODULE_SETTINGS_INCLUDED=1 -DJUCE_MODULE_AVAILABLE_juce_audio_basics=1 -DJUCE_MODULE_AVAILABLE_juce_audio_devices=1 -DJUCE_MODULE_AVAILABLE_juce_audio_formats=1 -DJUCE_MODULE_AVAILABLE_juce_audio_processors=1 -DJUCE_MODULE_AVAILABLE_juce_audio_processors_headless=1 -DJUCE_MODULE_AVAILABLE_juce_audio_utils=1 -DJUCE_MODULE_AVAILABLE_juce_core=1 -DJUCE_MODULE_AVAILABLE_juce_data_structures=1 -DJUCE_MODULE_AVAILABLE_juce_dsp=1 -DJUCE_MODULE_AVAILABLE_juce_events=1 -DJUCE_MODULE_AVAILABLE_juce_graphics=1 -DJUCE_MODULE_AVAILABLE_juce_gui_basics=1 -DJUCE_MODULE_AVAILABLE_juce_gui_extra=1 -DJUCE_STANDALONE_APPLICATION=1 -DJUCE_USE_CURL=0 -DJUCE_USE_SIMD=1 -DJUCE_USE_SSE_INTRINSICS=1 -DJUCE_WEB_BROWSER=0 -DJUCE_WIN_PER_MONITOR_DPI_AWARE=0 -DNDEBUG=1 -DNOMINMAX -DR8B_EXTFILTERS=0 -DR8B_FASTTIMING=1 -DUNICODE -D_CRT_SECURE_NO_WARNINGS -D_NDEBUG=1 -D_UNICODE -DCMAKE_INTDIR=\"Release\" -IC:\VSC_Project\ConvoPeq\build\ConvoPeq_artefacts\JuceLibraryCode -IC:\VSC_Project\ConvoPeq -IC:\VSC_Project\ConvoPeq\src -IC:\VSC_Project\ConvoPeq\src\audioengine -IC:\VSC_Project\ConvoPeq\src\eqprocessor -IC:\VSC_Project\ConvoPeq\JUCE\modules\juce_audio_processors_headless\format_types\VST3_SDK -IC:\VSC_Project\ConvoPeq\JUCE\modules\juce_audio_processors_headless\format_types\LV2_SDK -IC:\VSC_Project\ConvoPeq\JUCE\modules\juce_audio_processors_headless\format_types\LV2_SDK\lv2 -IC:\VSC_Project\ConvoPeq\JUCE\modules\juce_audio_processors_headless\format_types\LV2_SDK\serd -IC:\VSC_Project\ConvoPeq\JUCE\modules\juce_audio_processors_headless\format_types\LV2_SDK\sord -IC:\VSC_Project\ConvoPeq\JUCE\modules\juce_audio_processors_headless\format_types\LV2_SDK\sord\src -IC:\VSC_Project\ConvoPeq\JUCE\modules\juce_audio_processors_headless\format_types\LV2_SDK\sratom -IC:\VSC_Project\ConvoPeq\JUCE\modules\juce_audio_processors_headless\format_types\LV2_SDK\lilv -IC:\VSC_Project\ConvoPeq\JUCE\modules\juce_audio_processors_headless\format_types\LV2_SDK\lilv\src -external:IC:\VSC_Project\ConvoPeq\JUCE\modules -external:I"C:\Program Files (x86)\Intel\oneAPI\mkl\latest\include" -external:I"C:\Program Files (x86)\Intel\oneAPI\ipp\latest\include" -external:IC:\VSC_Project\ConvoPeq\r8brain-free-src -external:I"C:\Program Files (x86)\Intel\oneAPI\mkl\2025.3\include" -external:I"C:\Program Files (x86)\Intel\oneAPI\ipp\2022.3\include" -external:W0 /DWIN32 /D_WINDOWS /EHsc /Zm200 /bigobj /O2 /Ob2 /DNDEBUG /GL /arch:AVX2 /fp:fast /Gw /Gy -std:c++20 -MD /GL /GL /utf-8 /W4 /wd4100 /wd4189 /MP1 /EHsc /Zm200 /bigobj /arch:AVX2 /showIncludes /FoCMakeFiles\ConvoPeq.dir\Release\src\MainApplication.cpp.obj /FdCMakeFiles\ConvoPeq.dir\Release\ /FS -c C:\VSC_Project\ConvoPeq\src\MainApplication.cpp
C:\VSC_Project\ConvoPeq\JUCE\modules\juce_core\system/juce_StandardHeader.h(62): fatal error C1083: include ファイルを開けません。'algorithm':No such file or directory
[6/45] Building CXX object CMakeFiles\ConvoPeq.dir\Release\src\audioengine\AudioEngine.Parameters.cpp.obj
FAILED: [code=2] CMakeFiles/ConvoPeq.dir/Release/src/audioengine/AudioEngine.Parameters.cpp.obj 
C:\PROGRA~1\MICROS~1\18\ENTERP~1\VC\Tools\MSVC\1451~1.362\bin\Hostx64\x64\cl.exe  /nologo /TP -DCONVOPEQ_ENABLE_AUDIOENGINE_SPLIT_CACHE_MANAGER=1 -DCONVOPEQ_ENABLE_AUDIOENGINE_SPLIT_CALC_EQ_RESPONSE=1 -DCONVOPEQ_ENABLE_AUDIOENGINE_SPLIT_COMMIT_EXECUTE=1 -DCONVOPEQ_ENABLE_AUDIOENGINE_SPLIT_COMMIT_PREPARE=1 -DCONVOPEQ_ENABLE_AUDIOENGINE_SPLIT_CTOR_DTOR=1 -DCONVOPEQ_ENABLE_AUDIOENGINE_SPLIT_FIFO_UI=1 -DCONVOPEQ_ENABLE_AUDIOENGINE_SPLIT_GLOBALS=1 -DCONVOPEQ_ENABLE_AUDIOENGINE_SPLIT_HELPERS_CROSSFADE=1 -DCONVOPEQ_ENABLE_AUDIOENGINE_SPLIT_HELPERS_NUMERIC=1 -DCONVOPEQ_ENABLE_AUDIOENGINE_SPLIT_INIT_LIFECYCLE=1 -DCONVOPEQ_ENABLE_AUDIOENGINE_SPLIT_LEARNING_DEFERRED=1 -DCONVOPEQ_ENABLE_AUDIOENGINE_SPLIT_LEARNING_HELPERS=1 -DCONVOPEQ_ENABLE_AUDIOENGINE_SPLIT_LEARNING_PROCESS=1 -DCONVOPEQ_ENABLE_AUDIOENGINE_SPLIT_LEARNING_RESET=1 -DCONVOPEQ_ENABLE_AUDIOENGINE_SPLIT_LEARNING_START=1 -DCONVOPEQ_ENABLE_AUDIOENGINE_SPLIT_LEARNING_STOP=1 -DCONVOPEQ_ENABLE_AUDIOENGINE_SPLIT_PARAMETERS=1 -DCONVOPEQ_ENABLE_AUDIOENGINE_SPLIT_PROCESSING_AUDIO_BLOCK=1 -DCONVOPEQ_ENABLE_AUDIOENGINE_SPLIT_PROCESSING_BLOCK_DOUBLE=1 -DCONVOPEQ_ENABLE_AUDIOENGINE_SPLIT_PROCESSING_DSP_DOUBLE=1 -DCONVOPEQ_ENABLE_AUDIOENGINE_SPLIT_PROCESSING_DSP_FLOAT=1 -DCONVOPEQ_ENABLE_AUDIOENGINE_SPLIT_PROCESSING_DSP_IO=1 -DCONVOPEQ_ENABLE_AUDIOENGINE_SPLIT_PROCESSING_DSP_LATENCY=1 -DCONVOPEQ_ENABLE_AUDIOENGINE_SPLIT_PROCESSING_DSP_PREPARE=1 -DCONVOPEQ_ENABLE_AUDIOENGINE_SPLIT_PROCESSING_LATENCY_QUERY=1 -DCONVOPEQ_ENABLE_AUDIOENGINE_SPLIT_PROCESSING_PREPARE_TO_PLAY=1 -DCONVOPEQ_ENABLE_AUDIOENGINE_SPLIT_PROCESSING_RELEASE_RESOURCES=1 -DCONVOPEQ_ENABLE_AUDIOENGINE_SPLIT_PROCESSING_SNAPSHOT=1 -DCONVOPEQ_ENABLE_AUDIOENGINE_SPLIT_PROCESSING_TO_BUFFER=1 -DCONVOPEQ_ENABLE_AUDIOENGINE_SPLIT_REBUILD_DISPATCH=1 -DCONVOPEQ_ENABLE_AUDIOENGINE_SPLIT_REBUILD_EXECUTE=1 -DCONVOPEQ_ENABLE_AUDIOENGINE_SPLIT_SNAPSHOT_CREATE=1 -DCONVOPEQ_ENABLE_AUDIOENGINE_SPLIT_STATEIO_GET=1 -DCONVOPEQ_ENABLE_AUDIOENGINE_SPLIT_STATEIO_LOAD=1 -DCONVOPEQ_ENABLE_AUDIOENGINE_SPLIT_THREADING_ADVANCE=1 -DCONVOPEQ_ENABLE_AUDIOENGINE_SPLIT_THREADING_DEFERRED=1 -DCONVOPEQ_ENABLE_AUDIOENGINE_SPLIT_THREADING_ENTER=1 -DCONVOPEQ_ENABLE_AUDIOENGINE_SPLIT_THREADING_EXIT=1 -DCONVOPEQ_ENABLE_AUDIOENGINE_SPLIT_THREADING_PUBLISH=1 -DCONVOPEQ_ENABLE_AUDIOENGINE_SPLIT_THREADING_RECLAIM=1 -DCONVOPEQ_ENABLE_AUDIOENGINE_SPLIT_TIMER_CALLBACK=1 -DCONVOPEQ_ENABLE_AUDIOENGINE_SPLIT_UI_EVENTS=1 -DCONVOPEQ_ENABLE_CONVOLVER_SPLIT_LIFECYCLE=1 -DCONVOPEQ_ENABLE_CONVOLVER_SPLIT_LOADER_THREAD=1 -DCONVOPEQ_ENABLE_CONVOLVER_SPLIT_LOAD_PIPELINE=1 -DCONVOPEQ_ENABLE_CONVOLVER_SPLIT_MIXED_PHASE=1 -DCONVOPEQ_ENABLE_CONVOLVER_SPLIT_REBUILD=1 -DCONVOPEQ_ENABLE_CONVOLVER_SPLIT_RESAMPLE=1 -DCONVOPEQ_ENABLE_CONVOLVER_SPLIT_RUNTIME=1 -DCONVOPEQ_ENABLE_CONVOLVER_SPLIT_STATE_UI=1 -DJUCE_APPLICATION_NAME_STRING=\"ConvoPeq\" -DJUCE_APPLICATION_VERSION_STRING=\"0.6.3\" -DJUCE_ASIO=1 -DJUCE_DISABLE_ACCESSIBILITY=1 -DJUCE_DONT_DEFINE_MIN_MAX_MACROS=1 -DJUCE_DSP_USE_INTEL_MKL=1 -DJUCE_GLOBAL_MODULE_SETTINGS_INCLUDED=1 -DJUCE_MODULE_AVAILABLE_juce_audio_basics=1 -DJUCE_MODULE_AVAILABLE_juce_audio_devices=1 -DJUCE_MODULE_AVAILABLE_juce_audio_formats=1 -DJUCE_MODULE_AVAILABLE_juce_audio_processors=1 -DJUCE_MODULE_AVAILABLE_juce_audio_processors_headless=1 -DJUCE_MODULE_AVAILABLE_juce_audio_utils=1 -DJUCE_MODULE_AVAILABLE_juce_core=1 -DJUCE_MODULE_AVAILABLE_juce_data_structures=1 -DJUCE_MODULE_AVAILABLE_juce_dsp=1 -DJUCE_MODULE_AVAILABLE_juce_events=1 -DJUCE_MODULE_AVAILABLE_juce_graphics=1 -DJUCE_MODULE_AVAILABLE_juce_gui_basics=1 -DJUCE_MODULE_AVAILABLE_juce_gui_extra=1 -DJUCE_STANDALONE_APPLICATION=1 -DJUCE_USE_CURL=0 -DJUCE_USE_SIMD=1 -DJUCE_USE_SSE_INTRINSICS=1 -DJUCE_WEB_BROWSER=0 -DJUCE_WIN_PER_MONITOR_DPI_AWARE=0 -DNDEBUG=1 -DNOMINMAX -DR8B_EXTFILTERS=0 -DR8B_FASTTIMING=1 -DUNICODE -D_CRT_SECURE_NO_WARNINGS -D_NDEBUG=1 -D_UNICODE -DCMAKE_INTDIR=\"Release\" -IC:\VSC_Project\ConvoPeq\build\ConvoPeq_artefacts\JuceLibraryCode -IC:\VSC_Project\ConvoPeq -IC:\VSC_Project\ConvoPeq\src -IC:\VSC_Project\ConvoPeq\src\audioengine -IC:\VSC_Project\ConvoPeq\src\eqprocessor -IC:\VSC_Project\ConvoPeq\JUCE\modules\juce_audio_processors_headless\format_types\VST3_SDK -IC:\VSC_Project\ConvoPeq\JUCE\modules\juce_audio_processors_headless\format_types\LV2_SDK -IC:\VSC_Project\ConvoPeq\JUCE\modules\juce_audio_processors_headless\format_types\LV2_SDK\lv2 -IC:\VSC_Project\ConvoPeq\JUCE\modules\juce_audio_processors_headless\format_types\LV2_SDK\serd -IC:\VSC_Project\ConvoPeq\JUCE\modules\juce_audio_processors_headless\format_types\LV2_SDK\sord -IC:\VSC_Project\ConvoPeq\JUCE\modules\juce_audio_processors_headless\format_types\LV2_SDK\sord\src -IC:\VSC_Project\ConvoPeq\JUCE\modules\juce_audio_processors_headless\format_types\LV2_SDK\sratom -IC:\VSC_Project\ConvoPeq\JUCE\modules\juce_audio_processors_headless\format_types\LV2_SDK\lilv -IC:\VSC_Project\ConvoPeq\JUCE\modules\juce_audio_processors_headless\format_types\LV2_SDK\lilv\src -external:IC:\VSC_Project\ConvoPeq\JUCE\modules -external:I"C:\Program Files (x86)\Intel\oneAPI\mkl\latest\include" -external:I"C:\Program Files (x86)\Intel\oneAPI\ipp\latest\include" -external:IC:\VSC_Project\ConvoPeq\r8brain-free-src -external:I"C:\Program Files (x86)\Intel\oneAPI\mkl\2025.3\include" -external:I"C:\Program Files (x86)\Intel\oneAPI\ipp\2022.3\include" -external:W0 /DWIN32 /D_WINDOWS /EHsc /Zm200 /bigobj /O2 /Ob2 /DNDEBUG /GL /arch:AVX2 /fp:fast /Gw /Gy -std:c++20 -MD /GL /GL /utf-8 /W4 /wd4100 /wd4189 /MP1 /EHsc /Zm200 /bigobj /arch:AVX2 /showIncludes /FoCMakeFiles\ConvoPeq.dir\Release\src\audioengine\AudioEngine.Parameters.cpp.obj /FdCMakeFiles\ConvoPeq.dir\Release\ /FS -c C:\VSC_Project\ConvoPeq\src\audioengine\AudioEngine.Parameters.cpp
C:\VSC_Project\ConvoPeq\JUCE\modules\juce_core\system/juce_StandardHeader.h(62): fatal error C1083: include ファイルを開けません。'algorithm':No such file or directory
[7/45] Building CXX object CMakeFiles\ConvoPeq.dir\Release\src\audioengine\AudioEngine.Globals.cpp.obj
FAILED: [code=2] CMakeFiles/ConvoPeq.dir/Release/src/audioengine/AudioEngine.Globals.cpp.obj 
C:\PROGRA~1\MICROS~1\18\ENTERP~1\VC\Tools\MSVC\1451~1.362\bin\Hostx64\x64\cl.exe  /nologo /TP -DCONVOPEQ_ENABLE_AUDIOENGINE_SPLIT_CACHE_MANAGER=1 -DCONVOPEQ_ENABLE_AUDIOENGINE_SPLIT_CALC_EQ_RESPONSE=1 -DCONVOPEQ_ENABLE_AUDIOENGINE_SPLIT_COMMIT_EXECUTE=1 -DCONVOPEQ_ENABLE_AUDIOENGINE_SPLIT_COMMIT_PREPARE=1 -DCONVOPEQ_ENABLE_AUDIOENGINE_SPLIT_CTOR_DTOR=1 -DCONVOPEQ_ENABLE_AUDIOENGINE_SPLIT_FIFO_UI=1 -DCONVOPEQ_ENABLE_AUDIOENGINE_SPLIT_GLOBALS=1 -DCONVOPEQ_ENABLE_AUDIOENGINE_SPLIT_HELPERS_CROSSFADE=1 -DCONVOPEQ_ENABLE_AUDIOENGINE_SPLIT_HELPERS_NUMERIC=1 -DCONVOPEQ_ENABLE_AUDIOENGINE_SPLIT_INIT_LIFECYCLE=1 -DCONVOPEQ_ENABLE_AUDIOENGINE_SPLIT_LEARNING_DEFERRED=1 -DCONVOPEQ_ENABLE_AUDIOENGINE_SPLIT_LEARNING_HELPERS=1 -DCONVOPEQ_ENABLE_AUDIOENGINE_SPLIT_LEARNING_PROCESS=1 -DCONVOPEQ_ENABLE_AUDIOENGINE_SPLIT_LEARNING_RESET=1 -DCONVOPEQ_ENABLE_AUDIOENGINE_SPLIT_LEARNING_START=1 -DCONVOPEQ_ENABLE_AUDIOENGINE_SPLIT_LEARNING_STOP=1 -DCONVOPEQ_ENABLE_AUDIOENGINE_SPLIT_PARAMETERS=1 -DCONVOPEQ_ENABLE_AUDIOENGINE_SPLIT_PROCESSING_AUDIO_BLOCK=1 -DCONVOPEQ_ENABLE_AUDIOENGINE_SPLIT_PROCESSING_BLOCK_DOUBLE=1 -DCONVOPEQ_ENABLE_AUDIOENGINE_SPLIT_PROCESSING_DSP_DOUBLE=1 -DCONVOPEQ_ENABLE_AUDIOENGINE_SPLIT_PROCESSING_DSP_FLOAT=1 -DCONVOPEQ_ENABLE_AUDIOENGINE_SPLIT_PROCESSING_DSP_IO=1 -DCONVOPEQ_ENABLE_AUDIOENGINE_SPLIT_PROCESSING_DSP_LATENCY=1 -DCONVOPEQ_ENABLE_AUDIOENGINE_SPLIT_PROCESSING_DSP_PREPARE=1 -DCONVOPEQ_ENABLE_AUDIOENGINE_SPLIT_PROCESSING_LATENCY_QUERY=1 -DCONVOPEQ_ENABLE_AUDIOENGINE_SPLIT_PROCESSING_PREPARE_TO_PLAY=1 -DCONVOPEQ_ENABLE_AUDIOENGINE_SPLIT_PROCESSING_RELEASE_RESOURCES=1 -DCONVOPEQ_ENABLE_AUDIOENGINE_SPLIT_PROCESSING_SNAPSHOT=1 -DCONVOPEQ_ENABLE_AUDIOENGINE_SPLIT_PROCESSING_TO_BUFFER=1 -DCONVOPEQ_ENABLE_AUDIOENGINE_SPLIT_REBUILD_DISPATCH=1 -DCONVOPEQ_ENABLE_AUDIOENGINE_SPLIT_REBUILD_EXECUTE=1 -DCONVOPEQ_ENABLE_AUDIOENGINE_SPLIT_SNAPSHOT_CREATE=1 -DCONVOPEQ_ENABLE_AUDIOENGINE_SPLIT_STATEIO_GET=1 -DCONVOPEQ_ENABLE_AUDIOENGINE_SPLIT_STATEIO_LOAD=1 -DCONVOPEQ_ENABLE_AUDIOENGINE_SPLIT_THREADING_ADVANCE=1 -DCONVOPEQ_ENABLE_AUDIOENGINE_SPLIT_THREADING_DEFERRED=1 -DCONVOPEQ_ENABLE_AUDIOENGINE_SPLIT_THREADING_ENTER=1 -DCONVOPEQ_ENABLE_AUDIOENGINE_SPLIT_THREADING_EXIT=1 -DCONVOPEQ_ENABLE_AUDIOENGINE_SPLIT_THREADING_PUBLISH=1 -DCONVOPEQ_ENABLE_AUDIOENGINE_SPLIT_THREADING_RECLAIM=1 -DCONVOPEQ_ENABLE_AUDIOENGINE_SPLIT_TIMER_CALLBACK=1 -DCONVOPEQ_ENABLE_AUDIOENGINE_SPLIT_UI_EVENTS=1 -DCONVOPEQ_ENABLE_CONVOLVER_SPLIT_LIFECYCLE=1 -DCONVOPEQ_ENABLE_CONVOLVER_SPLIT_LOADER_THREAD=1 -DCONVOPEQ_ENABLE_CONVOLVER_SPLIT_LOAD_PIPELINE=1 -DCONVOPEQ_ENABLE_CONVOLVER_SPLIT_MIXED_PHASE=1 -DCONVOPEQ_ENABLE_CONVOLVER_SPLIT_REBUILD=1 -DCONVOPEQ_ENABLE_CONVOLVER_SPLIT_RESAMPLE=1 -DCONVOPEQ_ENABLE_CONVOLVER_SPLIT_RUNTIME=1 -DCONVOPEQ_ENABLE_CONVOLVER_SPLIT_STATE_UI=1 -DJUCE_APPLICATION_NAME_STRING=\"ConvoPeq\" -DJUCE_APPLICATION_VERSION_STRING=\"0.6.3\" -DJUCE_ASIO=1 -DJUCE_DISABLE_ACCESSIBILITY=1 -DJUCE_DONT_DEFINE_MIN_MAX_MACROS=1 -DJUCE_DSP_USE_INTEL_MKL=1 -DJUCE_GLOBAL_MODULE_SETTINGS_INCLUDED=1 -DJUCE_MODULE_AVAILABLE_juce_audio_basics=1 -DJUCE_MODULE_AVAILABLE_juce_audio_devices=1 -DJUCE_MODULE_AVAILABLE_juce_audio_formats=1 -DJUCE_MODULE_AVAILABLE_juce_audio_processors=1 -DJUCE_MODULE_AVAILABLE_juce_audio_processors_headless=1 -DJUCE_MODULE_AVAILABLE_juce_audio_utils=1 -DJUCE_MODULE_AVAILABLE_juce_core=1 -DJUCE_MODULE_AVAILABLE_juce_data_structures=1 -DJUCE_MODULE_AVAILABLE_juce_dsp=1 -DJUCE_MODULE_AVAILABLE_juce_events=1 -DJUCE_MODULE_AVAILABLE_juce_graphics=1 -DJUCE_MODULE_AVAILABLE_juce_gui_basics=1 -DJUCE_MODULE_AVAILABLE_juce_gui_extra=1 -DJUCE_STANDALONE_APPLICATION=1 -DJUCE_USE_CURL=0 -DJUCE_USE_SIMD=1 -DJUCE_USE_SSE_INTRINSICS=1 -DJUCE_WEB_BROWSER=0 -DJUCE_WIN_PER_MONITOR_DPI_AWARE=0 -DNDEBUG=1 -DNOMINMAX -DR8B_EXTFILTERS=0 -DR8B_FASTTIMING=1 -DUNICODE -D_CRT_SECURE_NO_WARNINGS -D_NDEBUG=1 -D_UNICODE -DCMAKE_INTDIR=\"Release\" -IC:\VSC_Project\ConvoPeq\build\ConvoPeq_artefacts\JuceLibraryCode -IC:\VSC_Project\ConvoPeq -IC:\VSC_Project\ConvoPeq\src -IC:\VSC_Project\ConvoPeq\src\audioengine -IC:\VSC_Project\ConvoPeq\src\eqprocessor -IC:\VSC_Project\ConvoPeq\JUCE\modules\juce_audio_processors_headless\format_types\VST3_SDK -IC:\VSC_Project\ConvoPeq\JUCE\modules\juce_audio_processors_headless\format_types\LV2_SDK -IC:\VSC_Project\ConvoPeq\JUCE\modules\juce_audio_processors_headless\format_types\LV2_SDK\lv2 -IC:\VSC_Project\ConvoPeq\JUCE\modules\juce_audio_processors_headless\format_types\LV2_SDK\serd -IC:\VSC_Project\ConvoPeq\JUCE\modules\juce_audio_processors_headless\format_types\LV2_SDK\sord -IC:\VSC_Project\ConvoPeq\JUCE\modules\juce_audio_processors_headless\format_types\LV2_SDK\sord\src -IC:\VSC_Project\ConvoPeq\JUCE\modules\juce_audio_processors_headless\format_types\LV2_SDK\sratom -IC:\VSC_Project\ConvoPeq\JUCE\modules\juce_audio_processors_headless\format_types\LV2_SDK\lilv -IC:\VSC_Project\ConvoPeq\JUCE\modules\juce_audio_processors_headless\format_types\LV2_SDK\lilv\src -external:IC:\VSC_Project\ConvoPeq\JUCE\modules -external:I"C:\Program Files (x86)\Intel\oneAPI\mkl\latest\include" -external:I"C:\Program Files (x86)\Intel\oneAPI\ipp\latest\include" -external:IC:\VSC_Project\ConvoPeq\r8brain-free-src -external:I"C:\Program Files (x86)\Intel\oneAPI\mkl\2025.3\include" -external:I"C:\Program Files (x86)\Intel\oneAPI\ipp\2022.3\include" -external:W0 /DWIN32 /D_WINDOWS /EHsc /Zm200 /bigobj /O2 /Ob2 /DNDEBUG /GL /arch:AVX2 /fp:fast /Gw /Gy -std:c++20 -MD /GL /GL /utf-8 /W4 /wd4100 /wd4189 /MP1 /EHsc /Zm200 /bigobj /arch:AVX2 /showIncludes /FoCMakeFiles\ConvoPeq.dir\Release\src\audioengine\AudioEngine.Globals.cpp.obj /FdCMakeFiles\ConvoPeq.dir\Release\ /FS -c C:\VSC_Project\ConvoPeq\src\audioengine\AudioEngine.Globals.cpp
C:\VSC_Project\ConvoPeq\JUCE\modules\juce_core\system/juce_StandardHeader.h(62): fatal error C1083: include ファイルを開けません。'algorithm':No such file or directory
[8/45] Building CXX object CMakeFiles\ConvoPeq.dir\Release\src\audioengine\AudioEngine.Learning.cpp.obj
FAILED: [code=2] CMakeFiles/ConvoPeq.dir/Release/src/audioengine/AudioEngine.Learning.cpp.obj 
C:\PROGRA~1\MICROS~1\18\ENTERP~1\VC\Tools\MSVC\1451~1.362\bin\Hostx64\x64\cl.exe  /nologo /TP -DCONVOPEQ_ENABLE_AUDIOENGINE_SPLIT_CACHE_MANAGER=1 -DCONVOPEQ_ENABLE_AUDIOENGINE_SPLIT_CALC_EQ_RESPONSE=1 -DCONVOPEQ_ENABLE_AUDIOENGINE_SPLIT_COMMIT_EXECUTE=1 -DCONVOPEQ_ENABLE_AUDIOENGINE_SPLIT_COMMIT_PREPARE=1 -DCONVOPEQ_ENABLE_AUDIOENGINE_SPLIT_CTOR_DTOR=1 -DCONVOPEQ_ENABLE_AUDIOENGINE_SPLIT_FIFO_UI=1 -DCONVOPEQ_ENABLE_AUDIOENGINE_SPLIT_GLOBALS=1 -DCONVOPEQ_ENABLE_AUDIOENGINE_SPLIT_HELPERS_CROSSFADE=1 -DCONVOPEQ_ENABLE_AUDIOENGINE_SPLIT_HELPERS_NUMERIC=1 -DCONVOPEQ_ENABLE_AUDIOENGINE_SPLIT_INIT_LIFECYCLE=1 -DCONVOPEQ_ENABLE_AUDIOENGINE_SPLIT_LEARNING_DEFERRED=1 -DCONVOPEQ_ENABLE_AUDIOENGINE_SPLIT_LEARNING_HELPERS=1 -DCONVOPEQ_ENABLE_AUDIOENGINE_SPLIT_LEARNING_PROCESS=1 -DCONVOPEQ_ENABLE_AUDIOENGINE_SPLIT_LEARNING_RESET=1 -DCONVOPEQ_ENABLE_AUDIOENGINE_SPLIT_LEARNING_START=1 -DCONVOPEQ_ENABLE_AUDIOENGINE_SPLIT_LEARNING_STOP=1 -DCONVOPEQ_ENABLE_AUDIOENGINE_SPLIT_PARAMETERS=1 -DCONVOPEQ_ENABLE_AUDIOENGINE_SPLIT_PROCESSING_AUDIO_BLOCK=1 -DCONVOPEQ_ENABLE_AUDIOENGINE_SPLIT_PROCESSING_BLOCK_DOUBLE=1 -DCONVOPEQ_ENABLE_AUDIOENGINE_SPLIT_PROCESSING_DSP_DOUBLE=1 -DCONVOPEQ_ENABLE_AUDIOENGINE_SPLIT_PROCESSING_DSP_FLOAT=1 -DCONVOPEQ_ENABLE_AUDIOENGINE_SPLIT_PROCESSING_DSP_IO=1 -DCONVOPEQ_ENABLE_AUDIOENGINE_SPLIT_PROCESSING_DSP_LATENCY=1 -DCONVOPEQ_ENABLE_AUDIOENGINE_SPLIT_PROCESSING_DSP_PREPARE=1 -DCONVOPEQ_ENABLE_AUDIOENGINE_SPLIT_PROCESSING_LATENCY_QUERY=1 -DCONVOPEQ_ENABLE_AUDIOENGINE_SPLIT_PROCESSING_PREPARE_TO_PLAY=1 -DCONVOPEQ_ENABLE_AUDIOENGINE_SPLIT_PROCESSING_RELEASE_RESOURCES=1 -DCONVOPEQ_ENABLE_AUDIOENGINE_SPLIT_PROCESSING_SNAPSHOT=1 -DCONVOPEQ_ENABLE_AUDIOENGINE_SPLIT_PROCESSING_TO_BUFFER=1 -DCONVOPEQ_ENABLE_AUDIOENGINE_SPLIT_REBUILD_DISPATCH=1 -DCONVOPEQ_ENABLE_AUDIOENGINE_SPLIT_REBUILD_EXECUTE=1 -DCONVOPEQ_ENABLE_AUDIOENGINE_SPLIT_SNAPSHOT_CREATE=1 -DCONVOPEQ_ENABLE_AUDIOENGINE_SPLIT_STATEIO_GET=1 -DCONVOPEQ_ENABLE_AUDIOENGINE_SPLIT_STATEIO_LOAD=1 -DCONVOPEQ_ENABLE_AUDIOENGINE_SPLIT_THREADING_ADVANCE=1 -DCONVOPEQ_ENABLE_AUDIOENGINE_SPLIT_THREADING_DEFERRED=1 -DCONVOPEQ_ENABLE_AUDIOENGINE_SPLIT_THREADING_ENTER=1 -DCONVOPEQ_ENABLE_AUDIOENGINE_SPLIT_THREADING_EXIT=1 -DCONVOPEQ_ENABLE_AUDIOENGINE_SPLIT_THREADING_PUBLISH=1 -DCONVOPEQ_ENABLE_AUDIOENGINE_SPLIT_THREADING_RECLAIM=1 -DCONVOPEQ_ENABLE_AUDIOENGINE_SPLIT_TIMER_CALLBACK=1 -DCONVOPEQ_ENABLE_AUDIOENGINE_SPLIT_UI_EVENTS=1 -DCONVOPEQ_ENABLE_CONVOLVER_SPLIT_LIFECYCLE=1 -DCONVOPEQ_ENABLE_CONVOLVER_SPLIT_LOADER_THREAD=1 -DCONVOPEQ_ENABLE_CONVOLVER_SPLIT_LOAD_PIPELINE=1 -DCONVOPEQ_ENABLE_CONVOLVER_SPLIT_MIXED_PHASE=1 -DCONVOPEQ_ENABLE_CONVOLVER_SPLIT_REBUILD=1 -DCONVOPEQ_ENABLE_CONVOLVER_SPLIT_RESAMPLE=1 -DCONVOPEQ_ENABLE_CONVOLVER_SPLIT_RUNTIME=1 -DCONVOPEQ_ENABLE_CONVOLVER_SPLIT_STATE_UI=1 -DJUCE_APPLICATION_NAME_STRING=\"ConvoPeq\" -DJUCE_APPLICATION_VERSION_STRING=\"0.6.3\" -DJUCE_ASIO=1 -DJUCE_DISABLE_ACCESSIBILITY=1 -DJUCE_DONT_DEFINE_MIN_MAX_MACROS=1 -DJUCE_DSP_USE_INTEL_MKL=1 -DJUCE_GLOBAL_MODULE_SETTINGS_INCLUDED=1 -DJUCE_MODULE_AVAILABLE_juce_audio_basics=1 -DJUCE_MODULE_AVAILABLE_juce_audio_devices=1 -DJUCE_MODULE_AVAILABLE_juce_audio_formats=1 -DJUCE_MODULE_AVAILABLE_juce_audio_processors=1 -DJUCE_MODULE_AVAILABLE_juce_audio_processors_headless=1 -DJUCE_MODULE_AVAILABLE_juce_audio_utils=1 -DJUCE_MODULE_AVAILABLE_juce_core=1 -DJUCE_MODULE_AVAILABLE_juce_data_structures=1 -DJUCE_MODULE_AVAILABLE_juce_dsp=1 -DJUCE_MODULE_AVAILABLE_juce_events=1 -DJUCE_MODULE_AVAILABLE_juce_graphics=1 -DJUCE_MODULE_AVAILABLE_juce_gui_basics=1 -DJUCE_MODULE_AVAILABLE_juce_gui_extra=1 -DJUCE_STANDALONE_APPLICATION=1 -DJUCE_USE_CURL=0 -DJUCE_USE_SIMD=1 -DJUCE_USE_SSE_INTRINSICS=1 -DJUCE_WEB_BROWSER=0 -DJUCE_WIN_PER_MONITOR_DPI_AWARE=0 -DNDEBUG=1 -DNOMINMAX -DR8B_EXTFILTERS=0 -DR8B_FASTTIMING=1 -DUNICODE -D_CRT_SECURE_NO_WARNINGS -D_NDEBUG=1 -D_UNICODE -DCMAKE_INTDIR=\"Release\" -IC:\VSC_Project\ConvoPeq\build\ConvoPeq_artefacts\JuceLibraryCode -IC:\VSC_Project\ConvoPeq -IC:\VSC_Project\ConvoPeq\src -IC:\VSC_Project\ConvoPeq\src\audioengine -IC:\VSC_Project\ConvoPeq\src\eqprocessor -IC:\VSC_Project\ConvoPeq\JUCE\modules\juce_audio_processors_headless\format_types\VST3_SDK -IC:\VSC_Project\ConvoPeq\JUCE\modules\juce_audio_processors_headless\format_types\LV2_SDK -IC:\VSC_Project\ConvoPeq\JUCE\modules\juce_audio_processors_headless\format_types\LV2_SDK\lv2 -IC:\VSC_Project\ConvoPeq\JUCE\modules\juce_audio_processors_headless\format_types\LV2_SDK\serd -IC:\VSC_Project\ConvoPeq\JUCE\modules\juce_audio_processors_headless\format_types\LV2_SDK\sord -IC:\VSC_Project\ConvoPeq\JUCE\modules\juce_audio_processors_headless\format_types\LV2_SDK\sord\src -IC:\VSC_Project\ConvoPeq\JUCE\modules\juce_audio_processors_headless\format_types\LV2_SDK\sratom -IC:\VSC_Project\ConvoPeq\JUCE\modules\juce_audio_processors_headless\format_types\LV2_SDK\lilv -IC:\VSC_Project\ConvoPeq\JUCE\modules\juce_audio_processors_headless\format_types\LV2_SDK\lilv\src -external:IC:\VSC_Project\ConvoPeq\JUCE\modules -external:I"C:\Program Files (x86)\Intel\oneAPI\mkl\latest\include" -external:I"C:\Program Files (x86)\Intel\oneAPI\ipp\latest\include" -external:IC:\VSC_Project\ConvoPeq\r8brain-free-src -external:I"C:\Program Files (x86)\Intel\oneAPI\mkl\2025.3\include" -external:I"C:\Program Files (x86)\Intel\oneAPI\ipp\2022.3\include" -external:W0 /DWIN32 /D_WINDOWS /EHsc /Zm200 /bigobj /O2 /Ob2 /DNDEBUG /GL /arch:AVX2 /fp:fast /Gw /Gy -std:c++20 -MD /GL /GL /utf-8 /W4 /wd4100 /wd4189 /MP1 /EHsc /Zm200 /bigobj /arch:AVX2 /showIncludes /FoCMakeFiles\ConvoPeq.dir\Release\src\audioengine\AudioEngine.Learning.cpp.obj /FdCMakeFiles\ConvoPeq.dir\Release\ /FS -c C:\VSC_Project\ConvoPeq\src\audioengine\AudioEngine.Learning.cpp
C:\VSC_Project\ConvoPeq\JUCE\modules\juce_core\system/juce_StandardHeader.h(62): fatal error C1083: include ファイルを開けません。'algorithm':No such file or directory
[9/45] Building CXX object CMakeFiles\ConvoPeq.dir\Release\src\audioengine\AudioEngine.Timer.cpp.obj
FAILED: [code=2] CMakeFiles/ConvoPeq.dir/Release/src/audioengine/AudioEngine.Timer.cpp.obj 
C:\PROGRA~1\MICROS~1\18\ENTERP~1\VC\Tools\MSVC\1451~1.362\bin\Hostx64\x64\cl.exe  /nologo /TP -DCONVOPEQ_ENABLE_AUDIOENGINE_SPLIT_CACHE_MANAGER=1 -DCONVOPEQ_ENABLE_AUDIOENGINE_SPLIT_CALC_EQ_RESPONSE=1 -DCONVOPEQ_ENABLE_AUDIOENGINE_SPLIT_COMMIT_EXECUTE=1 -DCONVOPEQ_ENABLE_AUDIOENGINE_SPLIT_COMMIT_PREPARE=1 -DCONVOPEQ_ENABLE_AUDIOENGINE_SPLIT_CTOR_DTOR=1 -DCONVOPEQ_ENABLE_AUDIOENGINE_SPLIT_FIFO_UI=1 -DCONVOPEQ_ENABLE_AUDIOENGINE_SPLIT_GLOBALS=1 -DCONVOPEQ_ENABLE_AUDIOENGINE_SPLIT_HELPERS_CROSSFADE=1 -DCONVOPEQ_ENABLE_AUDIOENGINE_SPLIT_HELPERS_NUMERIC=1 -DCONVOPEQ_ENABLE_AUDIOENGINE_SPLIT_INIT_LIFECYCLE=1 -DCONVOPEQ_ENABLE_AUDIOENGINE_SPLIT_LEARNING_DEFERRED=1 -DCONVOPEQ_ENABLE_AUDIOENGINE_SPLIT_LEARNING_HELPERS=1 -DCONVOPEQ_ENABLE_AUDIOENGINE_SPLIT_LEARNING_PROCESS=1 -DCONVOPEQ_ENABLE_AUDIOENGINE_SPLIT_LEARNING_RESET=1 -DCONVOPEQ_ENABLE_AUDIOENGINE_SPLIT_LEARNING_START=1 -DCONVOPEQ_ENABLE_AUDIOENGINE_SPLIT_LEARNING_STOP=1 -DCONVOPEQ_ENABLE_AUDIOENGINE_SPLIT_PARAMETERS=1 -DCONVOPEQ_ENABLE_AUDIOENGINE_SPLIT_PROCESSING_AUDIO_BLOCK=1 -DCONVOPEQ_ENABLE_AUDIOENGINE_SPLIT_PROCESSING_BLOCK_DOUBLE=1 -DCONVOPEQ_ENABLE_AUDIOENGINE_SPLIT_PROCESSING_DSP_DOUBLE=1 -DCONVOPEQ_ENABLE_AUDIOENGINE_SPLIT_PROCESSING_DSP_FLOAT=1 -DCONVOPEQ_ENABLE_AUDIOENGINE_SPLIT_PROCESSING_DSP_IO=1 -DCONVOPEQ_ENABLE_AUDIOENGINE_SPLIT_PROCESSING_DSP_LATENCY=1 -DCONVOPEQ_ENABLE_AUDIOENGINE_SPLIT_PROCESSING_DSP_PREPARE=1 -DCONVOPEQ_ENABLE_AUDIOENGINE_SPLIT_PROCESSING_LATENCY_QUERY=1 -DCONVOPEQ_ENABLE_AUDIOENGINE_SPLIT_PROCESSING_PREPARE_TO_PLAY=1 -DCONVOPEQ_ENABLE_AUDIOENGINE_SPLIT_PROCESSING_RELEASE_RESOURCES=1 -DCONVOPEQ_ENABLE_AUDIOENGINE_SPLIT_PROCESSING_SNAPSHOT=1 -DCONVOPEQ_ENABLE_AUDIOENGINE_SPLIT_PROCESSING_TO_BUFFER=1 -DCONVOPEQ_ENABLE_AUDIOENGINE_SPLIT_REBUILD_DISPATCH=1 -DCONVOPEQ_ENABLE_AUDIOENGINE_SPLIT_REBUILD_EXECUTE=1 -DCONVOPEQ_ENABLE_AUDIOENGINE_SPLIT_SNAPSHOT_CREATE=1 -DCONVOPEQ_ENABLE_AUDIOENGINE_SPLIT_STATEIO_GET=1 -DCONVOPEQ_ENABLE_AUDIOENGINE_SPLIT_STATEIO_LOAD=1 -DCONVOPEQ_ENABLE_AUDIOENGINE_SPLIT_THREADING_ADVANCE=1 -DCONVOPEQ_ENABLE_AUDIOENGINE_SPLIT_THREADING_DEFERRED=1 -DCONVOPEQ_ENABLE_AUDIOENGINE_SPLIT_THREADING_ENTER=1 -DCONVOPEQ_ENABLE_AUDIOENGINE_SPLIT_THREADING_EXIT=1 -DCONVOPEQ_ENABLE_AUDIOENGINE_SPLIT_THREADING_PUBLISH=1 -DCONVOPEQ_ENABLE_AUDIOENGINE_SPLIT_THREADING_RECLAIM=1 -DCONVOPEQ_ENABLE_AUDIOENGINE_SPLIT_TIMER_CALLBACK=1 -DCONVOPEQ_ENABLE_AUDIOENGINE_SPLIT_UI_EVENTS=1 -DCONVOPEQ_ENABLE_CONVOLVER_SPLIT_LIFECYCLE=1 -DCONVOPEQ_ENABLE_CONVOLVER_SPLIT_LOADER_THREAD=1 -DCONVOPEQ_ENABLE_CONVOLVER_SPLIT_LOAD_PIPELINE=1 -DCONVOPEQ_ENABLE_CONVOLVER_SPLIT_MIXED_PHASE=1 -DCONVOPEQ_ENABLE_CONVOLVER_SPLIT_REBUILD=1 -DCONVOPEQ_ENABLE_CONVOLVER_SPLIT_RESAMPLE=1 -DCONVOPEQ_ENABLE_CONVOLVER_SPLIT_RUNTIME=1 -DCONVOPEQ_ENABLE_CONVOLVER_SPLIT_STATE_UI=1 -DJUCE_APPLICATION_NAME_STRING=\"ConvoPeq\" -DJUCE_APPLICATION_VERSION_STRING=\"0.6.3\" -DJUCE_ASIO=1 -DJUCE_DISABLE_ACCESSIBILITY=1 -DJUCE_DONT_DEFINE_MIN_MAX_MACROS=1 -DJUCE_DSP_USE_INTEL_MKL=1 -DJUCE_GLOBAL_MODULE_SETTINGS_INCLUDED=1 -DJUCE_MODULE_AVAILABLE_juce_audio_basics=1 -DJUCE_MODULE_AVAILABLE_juce_audio_devices=1 -DJUCE_MODULE_AVAILABLE_juce_audio_formats=1 -DJUCE_MODULE_AVAILABLE_juce_audio_processors=1 -DJUCE_MODULE_AVAILABLE_juce_audio_processors_headless=1 -DJUCE_MODULE_AVAILABLE_juce_audio_utils=1 -DJUCE_MODULE_AVAILABLE_juce_core=1 -DJUCE_MODULE_AVAILABLE_juce_data_structures=1 -DJUCE_MODULE_AVAILABLE_juce_dsp=1 -DJUCE_MODULE_AVAILABLE_juce_events=1 -DJUCE_MODULE_AVAILABLE_juce_graphics=1 -DJUCE_MODULE_AVAILABLE_juce_gui_basics=1 -DJUCE_MODULE_AVAILABLE_juce_gui_extra=1 -DJUCE_STANDALONE_APPLICATION=1 -DJUCE_USE_CURL=0 -DJUCE_USE_SIMD=1 -DJUCE_USE_SSE_INTRINSICS=1 -DJUCE_WEB_BROWSER=0 -DJUCE_WIN_PER_MONITOR_DPI_AWARE=0 -DNDEBUG=1 -DNOMINMAX -DR8B_EXTFILTERS=0 -DR8B_FASTTIMING=1 -DUNICODE -D_CRT_SECURE_NO_WARNINGS -D_NDEBUG=1 -D_UNICODE -DCMAKE_INTDIR=\"Release\" -IC:\VSC_Project\ConvoPeq\build\ConvoPeq_artefacts\JuceLibraryCode -IC:\VSC_Project\ConvoPeq -IC:\VSC_Project\ConvoPeq\src -IC:\VSC_Project\ConvoPeq\src\audioengine -IC:\VSC_Project\ConvoPeq\src\eqprocessor -IC:\VSC_Project\ConvoPeq\JUCE\modules\juce_audio_processors_headless\format_types\VST3_SDK -IC:\VSC_Project\ConvoPeq\JUCE\modules\juce_audio_processors_headless\format_types\LV2_SDK -IC:\VSC_Project\ConvoPeq\JUCE\modules\juce_audio_processors_headless\format_types\LV2_SDK\lv2 -IC:\VSC_Project\ConvoPeq\JUCE\modules\juce_audio_processors_headless\format_types\LV2_SDK\serd -IC:\VSC_Project\ConvoPeq\JUCE\modules\juce_audio_processors_headless\format_types\LV2_SDK\sord -IC:\VSC_Project\ConvoPeq\JUCE\modules\juce_audio_processors_headless\format_types\LV2_SDK\sord\src -IC:\VSC_Project\ConvoPeq\JUCE\modules\juce_audio_processors_headless\format_types\LV2_SDK\sratom -IC:\VSC_Project\ConvoPeq\JUCE\modules\juce_audio_processors_headless\format_types\LV2_SDK\lilv -IC:\VSC_Project\ConvoPeq\JUCE\modules\juce_audio_processors_headless\format_types\LV2_SDK\lilv\src -external:IC:\VSC_Project\ConvoPeq\JUCE\modules -external:I"C:\Program Files (x86)\Intel\oneAPI\mkl\latest\include" -external:I"C:\Program Files (x86)\Intel\oneAPI\ipp\latest\include" -external:IC:\VSC_Project\ConvoPeq\r8brain-free-src -external:I"C:\Program Files (x86)\Intel\oneAPI\mkl\2025.3\include" -external:I"C:\Program Files (x86)\Intel\oneAPI\ipp\2022.3\include" -external:W0 /DWIN32 /D_WINDOWS /EHsc /Zm200 /bigobj /O2 /Ob2 /DNDEBUG /GL /arch:AVX2 /fp:fast /Gw /Gy -std:c++20 -MD /GL /GL /utf-8 /W4 /wd4100 /wd4189 /MP1 /EHsc /Zm200 /bigobj /arch:AVX2 /showIncludes /FoCMakeFiles\ConvoPeq.dir\Release\src\audioengine\AudioEngine.Timer.cpp.obj /FdCMakeFiles\ConvoPeq.dir\Release\ /FS -c C:\VSC_Project\ConvoPeq\src\audioengine\AudioEngine.Timer.cpp
C:\VSC_Project\ConvoPeq\JUCE\modules\juce_core\system/juce_StandardHeader.h(62): fatal error C1083: include ファイルを開けません。'algorithm':No such file or directory
[10/45] Building CXX object CMakeFiles\ConvoPeq.dir\Release\src\audioengine\AudioEngine.Init.cpp.obj
FAILED: [code=2] CMakeFiles/ConvoPeq.dir/Release/src/audioengine/AudioEngine.Init.cpp.obj 
C:\PROGRA~1\MICROS~1\18\ENTERP~1\VC\Tools\MSVC\1451~1.362\bin\Hostx64\x64\cl.exe  /nologo /TP -DCONVOPEQ_ENABLE_AUDIOENGINE_SPLIT_CACHE_MANAGER=1 -DCONVOPEQ_ENABLE_AUDIOENGINE_SPLIT_CALC_EQ_RESPONSE=1 -DCONVOPEQ_ENABLE_AUDIOENGINE_SPLIT_COMMIT_EXECUTE=1 -DCONVOPEQ_ENABLE_AUDIOENGINE_SPLIT_COMMIT_PREPARE=1 -DCONVOPEQ_ENABLE_AUDIOENGINE_SPLIT_CTOR_DTOR=1 -DCONVOPEQ_ENABLE_AUDIOENGINE_SPLIT_FIFO_UI=1 -DCONVOPEQ_ENABLE_AUDIOENGINE_SPLIT_GLOBALS=1 -DCONVOPEQ_ENABLE_AUDIOENGINE_SPLIT_HELPERS_CROSSFADE=1 -DCONVOPEQ_ENABLE_AUDIOENGINE_SPLIT_HELPERS_NUMERIC=1 -DCONVOPEQ_ENABLE_AUDIOENGINE_SPLIT_INIT_LIFECYCLE=1 -DCONVOPEQ_ENABLE_AUDIOENGINE_SPLIT_LEARNING_DEFERRED=1 -DCONVOPEQ_ENABLE_AUDIOENGINE_SPLIT_LEARNING_HELPERS=1 -DCONVOPEQ_ENABLE_AUDIOENGINE_SPLIT_LEARNING_PROCESS=1 -DCONVOPEQ_ENABLE_AUDIOENGINE_SPLIT_LEARNING_RESET=1 -DCONVOPEQ_ENABLE_AUDIOENGINE_SPLIT_LEARNING_START=1 -DCONVOPEQ_ENABLE_AUDIOENGINE_SPLIT_LEARNING_STOP=1 -DCONVOPEQ_ENABLE_AUDIOENGINE_SPLIT_PARAMETERS=1 -DCONVOPEQ_ENABLE_AUDIOENGINE_SPLIT_PROCESSING_AUDIO_BLOCK=1 -DCONVOPEQ_ENABLE_AUDIOENGINE_SPLIT_PROCESSING_BLOCK_DOUBLE=1 -DCONVOPEQ_ENABLE_AUDIOENGINE_SPLIT_PROCESSING_DSP_DOUBLE=1 -DCONVOPEQ_ENABLE_AUDIOENGINE_SPLIT_PROCESSING_DSP_FLOAT=1 -DCONVOPEQ_ENABLE_AUDIOENGINE_SPLIT_PROCESSING_DSP_IO=1 -DCONVOPEQ_ENABLE_AUDIOENGINE_SPLIT_PROCESSING_DSP_LATENCY=1 -DCONVOPEQ_ENABLE_AUDIOENGINE_SPLIT_PROCESSING_DSP_PREPARE=1 -DCONVOPEQ_ENABLE_AUDIOENGINE_SPLIT_PROCESSING_LATENCY_QUERY=1 -DCONVOPEQ_ENABLE_AUDIOENGINE_SPLIT_PROCESSING_PREPARE_TO_PLAY=1 -DCONVOPEQ_ENABLE_AUDIOENGINE_SPLIT_PROCESSING_RELEASE_RESOURCES=1 -DCONVOPEQ_ENABLE_AUDIOENGINE_SPLIT_PROCESSING_SNAPSHOT=1 -DCONVOPEQ_ENABLE_AUDIOENGINE_SPLIT_PROCESSING_TO_BUFFER=1 -DCONVOPEQ_ENABLE_AUDIOENGINE_SPLIT_REBUILD_DISPATCH=1 -DCONVOPEQ_ENABLE_AUDIOENGINE_SPLIT_REBUILD_EXECUTE=1 -DCONVOPEQ_ENABLE_AUDIOENGINE_SPLIT_SNAPSHOT_CREATE=1 -DCONVOPEQ_ENABLE_AUDIOENGINE_SPLIT_STATEIO_GET=1 -DCONVOPEQ_ENABLE_AUDIOENGINE_SPLIT_STATEIO_LOAD=1 -DCONVOPEQ_ENABLE_AUDIOENGINE_SPLIT_THREADING_ADVANCE=1 -DCONVOPEQ_ENABLE_AUDIOENGINE_SPLIT_THREADING_DEFERRED=1 -DCONVOPEQ_ENABLE_AUDIOENGINE_SPLIT_THREADING_ENTER=1 -DCONVOPEQ_ENABLE_AUDIOENGINE_SPLIT_THREADING_EXIT=1 -DCONVOPEQ_ENABLE_AUDIOENGINE_SPLIT_THREADING_PUBLISH=1 -DCONVOPEQ_ENABLE_AUDIOENGINE_SPLIT_THREADING_RECLAIM=1 -DCONVOPEQ_ENABLE_AUDIOENGINE_SPLIT_TIMER_CALLBACK=1 -DCONVOPEQ_ENABLE_AUDIOENGINE_SPLIT_UI_EVENTS=1 -DCONVOPEQ_ENABLE_CONVOLVER_SPLIT_LIFECYCLE=1 -DCONVOPEQ_ENABLE_CONVOLVER_SPLIT_LOADER_THREAD=1 -DCONVOPEQ_ENABLE_CONVOLVER_SPLIT_LOAD_PIPELINE=1 -DCONVOPEQ_ENABLE_CONVOLVER_SPLIT_MIXED_PHASE=1 -DCONVOPEQ_ENABLE_CONVOLVER_SPLIT_REBUILD=1 -DCONVOPEQ_ENABLE_CONVOLVER_SPLIT_RESAMPLE=1 -DCONVOPEQ_ENABLE_CONVOLVER_SPLIT_RUNTIME=1 -DCONVOPEQ_ENABLE_CONVOLVER_SPLIT_STATE_UI=1 -DJUCE_APPLICATION_NAME_STRING=\"ConvoPeq\" -DJUCE_APPLICATION_VERSION_STRING=\"0.6.3\" -DJUCE_ASIO=1 -DJUCE_DISABLE_ACCESSIBILITY=1 -DJUCE_DONT_DEFINE_MIN_MAX_MACROS=1 -DJUCE_DSP_USE_INTEL_MKL=1 -DJUCE_GLOBAL_MODULE_SETTINGS_INCLUDED=1 -DJUCE_MODULE_AVAILABLE_juce_audio_basics=1 -DJUCE_MODULE_AVAILABLE_juce_audio_devices=1 -DJUCE_MODULE_AVAILABLE_juce_audio_formats=1 -DJUCE_MODULE_AVAILABLE_juce_audio_processors=1 -DJUCE_MODULE_AVAILABLE_juce_audio_processors_headless=1 -DJUCE_MODULE_AVAILABLE_juce_audio_utils=1 -DJUCE_MODULE_AVAILABLE_juce_core=1 -DJUCE_MODULE_AVAILABLE_juce_data_structures=1 -DJUCE_MODULE_AVAILABLE_juce_dsp=1 -DJUCE_MODULE_AVAILABLE_juce_events=1 -DJUCE_MODULE_AVAILABLE_juce_graphics=1 -DJUCE_MODULE_AVAILABLE_juce_gui_basics=1 -DJUCE_MODULE_AVAILABLE_juce_gui_extra=1 -DJUCE_STANDALONE_APPLICATION=1 -DJUCE_USE_CURL=0 -DJUCE_USE_SIMD=1 -DJUCE_USE_SSE_INTRINSICS=1 -DJUCE_WEB_BROWSER=0 -DJUCE_WIN_PER_MONITOR_DPI_AWARE=0 -DNDEBUG=1 -DNOMINMAX -DR8B_EXTFILTERS=0 -DR8B_FASTTIMING=1 -DUNICODE -D_CRT_SECURE_NO_WARNINGS -D_NDEBUG=1 -D_UNICODE -DCMAKE_INTDIR=\"Release\" -IC:\VSC_Project\ConvoPeq\build\ConvoPeq_artefacts\JuceLibraryCode -IC:\VSC_Project\ConvoPeq -IC:\VSC_Project\ConvoPeq\src -IC:\VSC_Project\ConvoPeq\src\audioengine -IC:\VSC_Project\ConvoPeq\src\eqprocessor -IC:\VSC_Project\ConvoPeq\JUCE\modules\juce_audio_processors_headless\format_types\VST3_SDK -IC:\VSC_Project\ConvoPeq\JUCE\modules\juce_audio_processors_headless\format_types\LV2_SDK -IC:\VSC_Project\ConvoPeq\JUCE\modules\juce_audio_processors_headless\format_types\LV2_SDK\lv2 -IC:\VSC_Project\ConvoPeq\JUCE\modules\juce_audio_processors_headless\format_types\LV2_SDK\serd -IC:\VSC_Project\ConvoPeq\JUCE\modules\juce_audio_processors_headless\format_types\LV2_SDK\sord -IC:\VSC_Project\ConvoPeq\JUCE\modules\juce_audio_processors_headless\format_types\LV2_SDK\sord\src -IC:\VSC_Project\ConvoPeq\JUCE\modules\juce_audio_processors_headless\format_types\LV2_SDK\sratom -IC:\VSC_Project\ConvoPeq\JUCE\modules\juce_audio_processors_headless\format_types\LV2_SDK\lilv -IC:\VSC_Project\ConvoPeq\JUCE\modules\juce_audio_processors_headless\format_types\LV2_SDK\lilv\src -external:IC:\VSC_Project\ConvoPeq\JUCE\modules -external:I"C:\Program Files (x86)\Intel\oneAPI\mkl\latest\include" -external:I"C:\Program Files (x86)\Intel\oneAPI\ipp\latest\include" -external:IC:\VSC_Project\ConvoPeq\r8brain-free-src -external:I"C:\Program Files (x86)\Intel\oneAPI\mkl\2025.3\include" -external:I"C:\Program Files (x86)\Intel\oneAPI\ipp\2022.3\include" -external:W0 /DWIN32 /D_WINDOWS /EHsc /Zm200 /bigobj /O2 /Ob2 /DNDEBUG /GL /arch:AVX2 /fp:fast /Gw /Gy -std:c++20 -MD /GL /GL /utf-8 /W4 /wd4100 /wd4189 /MP1 /EHsc /Zm200 /bigobj /arch:AVX2 /showIncludes /FoCMakeFiles\ConvoPeq.dir\Release\src\audioengine\AudioEngine.Init.cpp.obj /FdCMakeFiles\ConvoPeq.dir\Release\ /FS -c C:\VSC_Project\ConvoPeq\src\audioengine\AudioEngine.Init.cpp
C:\VSC_Project\ConvoPeq\JUCE\modules\juce_core\system/juce_StandardHeader.h(62): fatal error C1083: include ファイルを開けません。'algorithm':No such file or directory
[11/45] Building CXX object CMakeFiles\ConvoPeq.dir\Release\src\audioengine\AudioEngine.Fifo.cpp.obj
FAILED: [code=2] CMakeFiles/ConvoPeq.dir/Release/src/audioengine/AudioEngine.Fifo.cpp.obj 
C:\PROGRA~1\MICROS~1\18\ENTERP~1\VC\Tools\MSVC\1451~1.362\bin\Hostx64\x64\cl.exe  /nologo /TP -DCONVOPEQ_ENABLE_AUDIOENGINE_SPLIT_CACHE_MANAGER=1 -DCONVOPEQ_ENABLE_AUDIOENGINE_SPLIT_CALC_EQ_RESPONSE=1 -DCONVOPEQ_ENABLE_AUDIOENGINE_SPLIT_COMMIT_EXECUTE=1 -DCONVOPEQ_ENABLE_AUDIOENGINE_SPLIT_COMMIT_PREPARE=1 -DCONVOPEQ_ENABLE_AUDIOENGINE_SPLIT_CTOR_DTOR=1 -DCONVOPEQ_ENABLE_AUDIOENGINE_SPLIT_FIFO_UI=1 -DCONVOPEQ_ENABLE_AUDIOENGINE_SPLIT_GLOBALS=1 -DCONVOPEQ_ENABLE_AUDIOENGINE_SPLIT_HELPERS_CROSSFADE=1 -DCONVOPEQ_ENABLE_AUDIOENGINE_SPLIT_HELPERS_NUMERIC=1 -DCONVOPEQ_ENABLE_AUDIOENGINE_SPLIT_INIT_LIFECYCLE=1 -DCONVOPEQ_ENABLE_AUDIOENGINE_SPLIT_LEARNING_DEFERRED=1 -DCONVOPEQ_ENABLE_AUDIOENGINE_SPLIT_LEARNING_HELPERS=1 -DCONVOPEQ_ENABLE_AUDIOENGINE_SPLIT_LEARNING_PROCESS=1 -DCONVOPEQ_ENABLE_AUDIOENGINE_SPLIT_LEARNING_RESET=1 -DCONVOPEQ_ENABLE_AUDIOENGINE_SPLIT_LEARNING_START=1 -DCONVOPEQ_ENABLE_AUDIOENGINE_SPLIT_LEARNING_STOP=1 -DCONVOPEQ_ENABLE_AUDIOENGINE_SPLIT_PARAMETERS=1 -DCONVOPEQ_ENABLE_AUDIOENGINE_SPLIT_PROCESSING_AUDIO_BLOCK=1 -DCONVOPEQ_ENABLE_AUDIOENGINE_SPLIT_PROCESSING_BLOCK_DOUBLE=1 -DCONVOPEQ_ENABLE_AUDIOENGINE_SPLIT_PROCESSING_DSP_DOUBLE=1 -DCONVOPEQ_ENABLE_AUDIOENGINE_SPLIT_PROCESSING_DSP_FLOAT=1 -DCONVOPEQ_ENABLE_AUDIOENGINE_SPLIT_PROCESSING_DSP_IO=1 -DCONVOPEQ_ENABLE_AUDIOENGINE_SPLIT_PROCESSING_DSP_LATENCY=1 -DCONVOPEQ_ENABLE_AUDIOENGINE_SPLIT_PROCESSING_DSP_PREPARE=1 -DCONVOPEQ_ENABLE_AUDIOENGINE_SPLIT_PROCESSING_LATENCY_QUERY=1 -DCONVOPEQ_ENABLE_AUDIOENGINE_SPLIT_PROCESSING_PREPARE_TO_PLAY=1 -DCONVOPEQ_ENABLE_AUDIOENGINE_SPLIT_PROCESSING_RELEASE_RESOURCES=1 -DCONVOPEQ_ENABLE_AUDIOENGINE_SPLIT_PROCESSING_SNAPSHOT=1 -DCONVOPEQ_ENABLE_AUDIOENGINE_SPLIT_PROCESSING_TO_BUFFER=1 -DCONVOPEQ_ENABLE_AUDIOENGINE_SPLIT_REBUILD_DISPATCH=1 -DCONVOPEQ_ENABLE_AUDIOENGINE_SPLIT_REBUILD_EXECUTE=1 -DCONVOPEQ_ENABLE_AUDIOENGINE_SPLIT_SNAPSHOT_CREATE=1 -DCONVOPEQ_ENABLE_AUDIOENGINE_SPLIT_STATEIO_GET=1 -DCONVOPEQ_ENABLE_AUDIOENGINE_SPLIT_STATEIO_LOAD=1 -DCONVOPEQ_ENABLE_AUDIOENGINE_SPLIT_THREADING_ADVANCE=1 -DCONVOPEQ_ENABLE_AUDIOENGINE_SPLIT_THREADING_DEFERRED=1 -DCONVOPEQ_ENABLE_AUDIOENGINE_SPLIT_THREADING_ENTER=1 -DCONVOPEQ_ENABLE_AUDIOENGINE_SPLIT_THREADING_EXIT=1 -DCONVOPEQ_ENABLE_AUDIOENGINE_SPLIT_THREADING_PUBLISH=1 -DCONVOPEQ_ENABLE_AUDIOENGINE_SPLIT_THREADING_RECLAIM=1 -DCONVOPEQ_ENABLE_AUDIOENGINE_SPLIT_TIMER_CALLBACK=1 -DCONVOPEQ_ENABLE_AUDIOENGINE_SPLIT_UI_EVENTS=1 -DCONVOPEQ_ENABLE_CONVOLVER_SPLIT_LIFECYCLE=1 -DCONVOPEQ_ENABLE_CONVOLVER_SPLIT_LOADER_THREAD=1 -DCONVOPEQ_ENABLE_CONVOLVER_SPLIT_LOAD_PIPELINE=1 -DCONVOPEQ_ENABLE_CONVOLVER_SPLIT_MIXED_PHASE=1 -DCONVOPEQ_ENABLE_CONVOLVER_SPLIT_REBUILD=1 -DCONVOPEQ_ENABLE_CONVOLVER_SPLIT_RESAMPLE=1 -DCONVOPEQ_ENABLE_CONVOLVER_SPLIT_RUNTIME=1 -DCONVOPEQ_ENABLE_CONVOLVER_SPLIT_STATE_UI=1 -DJUCE_APPLICATION_NAME_STRING=\"ConvoPeq\" -DJUCE_APPLICATION_VERSION_STRING=\"0.6.3\" -DJUCE_ASIO=1 -DJUCE_DISABLE_ACCESSIBILITY=1 -DJUCE_DONT_DEFINE_MIN_MAX_MACROS=1 -DJUCE_DSP_USE_INTEL_MKL=1 -DJUCE_GLOBAL_MODULE_SETTINGS_INCLUDED=1 -DJUCE_MODULE_AVAILABLE_juce_audio_basics=1 -DJUCE_MODULE_AVAILABLE_juce_audio_devices=1 -DJUCE_MODULE_AVAILABLE_juce_audio_formats=1 -DJUCE_MODULE_AVAILABLE_juce_audio_processors=1 -DJUCE_MODULE_AVAILABLE_juce_audio_processors_headless=1 -DJUCE_MODULE_AVAILABLE_juce_audio_utils=1 -DJUCE_MODULE_AVAILABLE_juce_core=1 -DJUCE_MODULE_AVAILABLE_juce_data_structures=1 -DJUCE_MODULE_AVAILABLE_juce_dsp=1 -DJUCE_MODULE_AVAILABLE_juce_events=1 -DJUCE_MODULE_AVAILABLE_juce_graphics=1 -DJUCE_MODULE_AVAILABLE_juce_gui_basics=1 -DJUCE_MODULE_AVAILABLE_juce_gui_extra=1 -DJUCE_STANDALONE_APPLICATION=1 -DJUCE_USE_CURL=0 -DJUCE_USE_SIMD=1 -DJUCE_USE_SSE_INTRINSICS=1 -DJUCE_WEB_BROWSER=0 -DJUCE_WIN_PER_MONITOR_DPI_AWARE=0 -DNDEBUG=1 -DNOMINMAX -DR8B_EXTFILTERS=0 -DR8B_FASTTIMING=1 -DUNICODE -D_CRT_SECURE_NO_WARNINGS -D_NDEBUG=1 -D_UNICODE -DCMAKE_INTDIR=\"Release\" -IC:\VSC_Project\ConvoPeq\build\ConvoPeq_artefacts\JuceLibraryCode -IC:\VSC_Project\ConvoPeq -IC:\VSC_Project\ConvoPeq\src -IC:\VSC_Project\ConvoPeq\src\audioengine -IC:\VSC_Project\ConvoPeq\src\eqprocessor -IC:\VSC_Project\ConvoPeq\JUCE\modules\juce_audio_processors_headless\format_types\VST3_SDK -IC:\VSC_Project\ConvoPeq\JUCE\modules\juce_audio_processors_headless\format_types\LV2_SDK -IC:\VSC_Project\ConvoPeq\JUCE\modules\juce_audio_processors_headless\format_types\LV2_SDK\lv2 -IC:\VSC_Project\ConvoPeq\JUCE\modules\juce_audio_processors_headless\format_types\LV2_SDK\serd -IC:\VSC_Project\ConvoPeq\JUCE\modules\juce_audio_processors_headless\format_types\LV2_SDK\sord -IC:\VSC_Project\ConvoPeq\JUCE\modules\juce_audio_processors_headless\format_types\LV2_SDK\sord\src -IC:\VSC_Project\ConvoPeq\JUCE\modules\juce_audio_processors_headless\format_types\LV2_SDK\sratom -IC:\VSC_Project\ConvoPeq\JUCE\modules\juce_audio_processors_headless\format_types\LV2_SDK\lilv -IC:\VSC_Project\ConvoPeq\JUCE\modules\juce_audio_processors_headless\format_types\LV2_SDK\lilv\src -external:IC:\VSC_Project\ConvoPeq\JUCE\modules -external:I"C:\Program Files (x86)\Intel\oneAPI\mkl\latest\include" -external:I"C:\Program Files (x86)\Intel\oneAPI\ipp\latest\include" -external:IC:\VSC_Project\ConvoPeq\r8brain-free-src -external:I"C:\Program Files (x86)\Intel\oneAPI\mkl\2025.3\include" -external:I"C:\Program Files (x86)\Intel\oneAPI\ipp\2022.3\include" -external:W0 /DWIN32 /D_WINDOWS /EHsc /Zm200 /bigobj /O2 /Ob2 /DNDEBUG /GL /arch:AVX2 /fp:fast /Gw /Gy -std:c++20 -MD /GL /GL /utf-8 /W4 /wd4100 /wd4189 /MP1 /EHsc /Zm200 /bigobj /arch:AVX2 /showIncludes /FoCMakeFiles\ConvoPeq.dir\Release\src\audioengine\AudioEngine.Fifo.cpp.obj /FdCMakeFiles\ConvoPeq.dir\Release\ /FS -c C:\VSC_Project\ConvoPeq\src\audioengine\AudioEngine.Fifo.cpp
C:\VSC_Project\ConvoPeq\JUCE\modules\juce_core\system/juce_StandardHeader.h(62): fatal error C1083: include ファイルを開けません。'algorithm':No such file or directory
[12/45] Building CXX object CMakeFiles\ConvoPeq.dir\Release\src\audioengine\AudioEngine.UIEvents.cpp.obj
FAILED: [code=2] CMakeFiles/ConvoPeq.dir/Release/src/audioengine/AudioEngine.UIEvents.cpp.obj 
C:\PROGRA~1\MICROS~1\18\ENTERP~1\VC\Tools\MSVC\1451~1.362\bin\Hostx64\x64\cl.exe  /nologo /TP -DCONVOPEQ_ENABLE_AUDIOENGINE_SPLIT_CACHE_MANAGER=1 -DCONVOPEQ_ENABLE_AUDIOENGINE_SPLIT_CALC_EQ_RESPONSE=1 -DCONVOPEQ_ENABLE_AUDIOENGINE_SPLIT_COMMIT_EXECUTE=1 -DCONVOPEQ_ENABLE_AUDIOENGINE_SPLIT_COMMIT_PREPARE=1 -DCONVOPEQ_ENABLE_AUDIOENGINE_SPLIT_CTOR_DTOR=1 -DCONVOPEQ_ENABLE_AUDIOENGINE_SPLIT_FIFO_UI=1 -DCONVOPEQ_ENABLE_AUDIOENGINE_SPLIT_GLOBALS=1 -DCONVOPEQ_ENABLE_AUDIOENGINE_SPLIT_HELPERS_CROSSFADE=1 -DCONVOPEQ_ENABLE_AUDIOENGINE_SPLIT_HELPERS_NUMERIC=1 -DCONVOPEQ_ENABLE_AUDIOENGINE_SPLIT_INIT_LIFECYCLE=1 -DCONVOPEQ_ENABLE_AUDIOENGINE_SPLIT_LEARNING_DEFERRED=1 -DCONVOPEQ_ENABLE_AUDIOENGINE_SPLIT_LEARNING_HELPERS=1 -DCONVOPEQ_ENABLE_AUDIOENGINE_SPLIT_LEARNING_PROCESS=1 -DCONVOPEQ_ENABLE_AUDIOENGINE_SPLIT_LEARNING_RESET=1 -DCONVOPEQ_ENABLE_AUDIOENGINE_SPLIT_LEARNING_START=1 -DCONVOPEQ_ENABLE_AUDIOENGINE_SPLIT_LEARNING_STOP=1 -DCONVOPEQ_ENABLE_AUDIOENGINE_SPLIT_PARAMETERS=1 -DCONVOPEQ_ENABLE_AUDIOENGINE_SPLIT_PROCESSING_AUDIO_BLOCK=1 -DCONVOPEQ_ENABLE_AUDIOENGINE_SPLIT_PROCESSING_BLOCK_DOUBLE=1 -DCONVOPEQ_ENABLE_AUDIOENGINE_SPLIT_PROCESSING_DSP_DOUBLE=1 -DCONVOPEQ_ENABLE_AUDIOENGINE_SPLIT_PROCESSING_DSP_FLOAT=1 -DCONVOPEQ_ENABLE_AUDIOENGINE_SPLIT_PROCESSING_DSP_IO=1 -DCONVOPEQ_ENABLE_AUDIOENGINE_SPLIT_PROCESSING_DSP_LATENCY=1 -DCONVOPEQ_ENABLE_AUDIOENGINE_SPLIT_PROCESSING_DSP_PREPARE=1 -DCONVOPEQ_ENABLE_AUDIOENGINE_SPLIT_PROCESSING_LATENCY_QUERY=1 -DCONVOPEQ_ENABLE_AUDIOENGINE_SPLIT_PROCESSING_PREPARE_TO_PLAY=1 -DCONVOPEQ_ENABLE_AUDIOENGINE_SPLIT_PROCESSING_RELEASE_RESOURCES=1 -DCONVOPEQ_ENABLE_AUDIOENGINE_SPLIT_PROCESSING_SNAPSHOT=1 -DCONVOPEQ_ENABLE_AUDIOENGINE_SPLIT_PROCESSING_TO_BUFFER=1 -DCONVOPEQ_ENABLE_AUDIOENGINE_SPLIT_REBUILD_DISPATCH=1 -DCONVOPEQ_ENABLE_AUDIOENGINE_SPLIT_REBUILD_EXECUTE=1 -DCONVOPEQ_ENABLE_AUDIOENGINE_SPLIT_SNAPSHOT_CREATE=1 -DCONVOPEQ_ENABLE_AUDIOENGINE_SPLIT_STATEIO_GET=1 -DCONVOPEQ_ENABLE_AUDIOENGINE_SPLIT_STATEIO_LOAD=1 -DCONVOPEQ_ENABLE_AUDIOENGINE_SPLIT_THREADING_ADVANCE=1 -DCONVOPEQ_ENABLE_AUDIOENGINE_SPLIT_THREADING_DEFERRED=1 -DCONVOPEQ_ENABLE_AUDIOENGINE_SPLIT_THREADING_ENTER=1 -DCONVOPEQ_ENABLE_AUDIOENGINE_SPLIT_THREADING_EXIT=1 -DCONVOPEQ_ENABLE_AUDIOENGINE_SPLIT_THREADING_PUBLISH=1 -DCONVOPEQ_ENABLE_AUDIOENGINE_SPLIT_THREADING_RECLAIM=1 -DCONVOPEQ_ENABLE_AUDIOENGINE_SPLIT_TIMER_CALLBACK=1 -DCONVOPEQ_ENABLE_AUDIOENGINE_SPLIT_UI_EVENTS=1 -DCONVOPEQ_ENABLE_CONVOLVER_SPLIT_LIFECYCLE=1 -DCONVOPEQ_ENABLE_CONVOLVER_SPLIT_LOADER_THREAD=1 -DCONVOPEQ_ENABLE_CONVOLVER_SPLIT_LOAD_PIPELINE=1 -DCONVOPEQ_ENABLE_CONVOLVER_SPLIT_MIXED_PHASE=1 -DCONVOPEQ_ENABLE_CONVOLVER_SPLIT_REBUILD=1 -DCONVOPEQ_ENABLE_CONVOLVER_SPLIT_RESAMPLE=1 -DCONVOPEQ_ENABLE_CONVOLVER_SPLIT_RUNTIME=1 -DCONVOPEQ_ENABLE_CONVOLVER_SPLIT_STATE_UI=1 -DJUCE_APPLICATION_NAME_STRING=\"ConvoPeq\" -DJUCE_APPLICATION_VERSION_STRING=\"0.6.3\" -DJUCE_ASIO=1 -DJUCE_DISABLE_ACCESSIBILITY=1 -DJUCE_DONT_DEFINE_MIN_MAX_MACROS=1 -DJUCE_DSP_USE_INTEL_MKL=1 -DJUCE_GLOBAL_MODULE_SETTINGS_INCLUDED=1 -DJUCE_MODULE_AVAILABLE_juce_audio_basics=1 -DJUCE_MODULE_AVAILABLE_juce_audio_devices=1 -DJUCE_MODULE_AVAILABLE_juce_audio_formats=1 -DJUCE_MODULE_AVAILABLE_juce_audio_processors=1 -DJUCE_MODULE_AVAILABLE_juce_audio_processors_headless=1 -DJUCE_MODULE_AVAILABLE_juce_audio_utils=1 -DJUCE_MODULE_AVAILABLE_juce_core=1 -DJUCE_MODULE_AVAILABLE_juce_data_structures=1 -DJUCE_MODULE_AVAILABLE_juce_dsp=1 -DJUCE_MODULE_AVAILABLE_juce_events=1 -DJUCE_MODULE_AVAILABLE_juce_graphics=1 -DJUCE_MODULE_AVAILABLE_juce_gui_basics=1 -DJUCE_MODULE_AVAILABLE_juce_gui_extra=1 -DJUCE_STANDALONE_APPLICATION=1 -DJUCE_USE_CURL=0 -DJUCE_USE_SIMD=1 -DJUCE_USE_SSE_INTRINSICS=1 -DJUCE_WEB_BROWSER=0 -DJUCE_WIN_PER_MONITOR_DPI_AWARE=0 -DNDEBUG=1 -DNOMINMAX -DR8B_EXTFILTERS=0 -DR8B_FASTTIMING=1 -DUNICODE -D_CRT_SECURE_NO_WARNINGS -D_NDEBUG=1 -D_UNICODE -DCMAKE_INTDIR=\"Release\" -IC:\VSC_Project\ConvoPeq\build\ConvoPeq_artefacts\JuceLibraryCode -IC:\VSC_Project\ConvoPeq -IC:\VSC_Project\ConvoPeq\src -IC:\VSC_Project\ConvoPeq\src\audioengine -IC:\VSC_Project\ConvoPeq\src\eqprocessor -IC:\VSC_Project\ConvoPeq\JUCE\modules\juce_audio_processors_headless\format_types\VST3_SDK -IC:\VSC_Project\ConvoPeq\JUCE\modules\juce_audio_processors_headless\format_types\LV2_SDK -IC:\VSC_Project\ConvoPeq\JUCE\modules\juce_audio_processors_headless\format_types\LV2_SDK\lv2 -IC:\VSC_Project\ConvoPeq\JUCE\modules\juce_audio_processors_headless\format_types\LV2_SDK\serd -IC:\VSC_Project\ConvoPeq\JUCE\modules\juce_audio_processors_headless\format_types\LV2_SDK\sord -IC:\VSC_Project\ConvoPeq\JUCE\modules\juce_audio_processors_headless\format_types\LV2_SDK\sord\src -IC:\VSC_Project\ConvoPeq\JUCE\modules\juce_audio_processors_headless\format_types\LV2_SDK\sratom -IC:\VSC_Project\ConvoPeq\JUCE\modules\juce_audio_processors_headless\format_types\LV2_SDK\lilv -IC:\VSC_Project\ConvoPeq\JUCE\modules\juce_audio_processors_headless\format_types\LV2_SDK\lilv\src -external:IC:\VSC_Project\ConvoPeq\JUCE\modules -external:I"C:\Program Files (x86)\Intel\oneAPI\mkl\latest\include" -external:I"C:\Program Files (x86)\Intel\oneAPI\ipp\latest\include" -external:IC:\VSC_Project\ConvoPeq\r8brain-free-src -external:I"C:\Program Files (x86)\Intel\oneAPI\mkl\2025.3\include" -external:I"C:\Program Files (x86)\Intel\oneAPI\ipp\2022.3\include" -external:W0 /DWIN32 /D_WINDOWS /EHsc /Zm200 /bigobj /O2 /Ob2 /DNDEBUG /GL /arch:AVX2 /fp:fast /Gw /Gy -std:c++20 -MD /GL /GL /utf-8 /W4 /wd4100 /wd4189 /MP1 /EHsc /Zm200 /bigobj /arch:AVX2 /showIncludes /FoCMakeFiles\ConvoPeq.dir\Release\src\audioengine\AudioEngine.UIEvents.cpp.obj /FdCMakeFiles\ConvoPeq.dir\Release\ /FS -c C:\VSC_Project\ConvoPeq\src\audioengine\AudioEngine.UIEvents.cpp
C:\VSC_Project\ConvoPeq\JUCE\modules\juce_core\system/juce_StandardHeader.h(62): fatal error C1083: include ファイルを開けません。'algorithm':No such file or directory
[13/45] Building CXX object CMakeFiles\ConvoPeq.dir\Release\src\MainWindow.cpp.obj
FAILED: [code=2] CMakeFiles/ConvoPeq.dir/Release/src/MainWindow.cpp.obj 
C:\PROGRA~1\MICROS~1\18\ENTERP~1\VC\Tools\MSVC\1451~1.362\bin\Hostx64\x64\cl.exe  /nologo /TP -DCONVOPEQ_ENABLE_AUDIOENGINE_SPLIT_CACHE_MANAGER=1 -DCONVOPEQ_ENABLE_AUDIOENGINE_SPLIT_CALC_EQ_RESPONSE=1 -DCONVOPEQ_ENABLE_AUDIOENGINE_SPLIT_COMMIT_EXECUTE=1 -DCONVOPEQ_ENABLE_AUDIOENGINE_SPLIT_COMMIT_PREPARE=1 -DCONVOPEQ_ENABLE_AUDIOENGINE_SPLIT_CTOR_DTOR=1 -DCONVOPEQ_ENABLE_AUDIOENGINE_SPLIT_FIFO_UI=1 -DCONVOPEQ_ENABLE_AUDIOENGINE_SPLIT_GLOBALS=1 -DCONVOPEQ_ENABLE_AUDIOENGINE_SPLIT_HELPERS_CROSSFADE=1 -DCONVOPEQ_ENABLE_AUDIOENGINE_SPLIT_HELPERS_NUMERIC=1 -DCONVOPEQ_ENABLE_AUDIOENGINE_SPLIT_INIT_LIFECYCLE=1 -DCONVOPEQ_ENABLE_AUDIOENGINE_SPLIT_LEARNING_DEFERRED=1 -DCONVOPEQ_ENABLE_AUDIOENGINE_SPLIT_LEARNING_HELPERS=1 -DCONVOPEQ_ENABLE_AUDIOENGINE_SPLIT_LEARNING_PROCESS=1 -DCONVOPEQ_ENABLE_AUDIOENGINE_SPLIT_LEARNING_RESET=1 -DCONVOPEQ_ENABLE_AUDIOENGINE_SPLIT_LEARNING_START=1 -DCONVOPEQ_ENABLE_AUDIOENGINE_SPLIT_LEARNING_STOP=1 -DCONVOPEQ_ENABLE_AUDIOENGINE_SPLIT_PARAMETERS=1 -DCONVOPEQ_ENABLE_AUDIOENGINE_SPLIT_PROCESSING_AUDIO_BLOCK=1 -DCONVOPEQ_ENABLE_AUDIOENGINE_SPLIT_PROCESSING_BLOCK_DOUBLE=1 -DCONVOPEQ_ENABLE_AUDIOENGINE_SPLIT_PROCESSING_DSP_DOUBLE=1 -DCONVOPEQ_ENABLE_AUDIOENGINE_SPLIT_PROCESSING_DSP_FLOAT=1 -DCONVOPEQ_ENABLE_AUDIOENGINE_SPLIT_PROCESSING_DSP_IO=1 -DCONVOPEQ_ENABLE_AUDIOENGINE_SPLIT_PROCESSING_DSP_LATENCY=1 -DCONVOPEQ_ENABLE_AUDIOENGINE_SPLIT_PROCESSING_DSP_PREPARE=1 -DCONVOPEQ_ENABLE_AUDIOENGINE_SPLIT_PROCESSING_LATENCY_QUERY=1 -DCONVOPEQ_ENABLE_AUDIOENGINE_SPLIT_PROCESSING_PREPARE_TO_PLAY=1 -DCONVOPEQ_ENABLE_AUDIOENGINE_SPLIT_PROCESSING_RELEASE_RESOURCES=1 -DCONVOPEQ_ENABLE_AUDIOENGINE_SPLIT_PROCESSING_SNAPSHOT=1 -DCONVOPEQ_ENABLE_AUDIOENGINE_SPLIT_PROCESSING_TO_BUFFER=1 -DCONVOPEQ_ENABLE_AUDIOENGINE_SPLIT_REBUILD_DISPATCH=1 -DCONVOPEQ_ENABLE_AUDIOENGINE_SPLIT_REBUILD_EXECUTE=1 -DCONVOPEQ_ENABLE_AUDIOENGINE_SPLIT_SNAPSHOT_CREATE=1 -DCONVOPEQ_ENABLE_AUDIOENGINE_SPLIT_STATEIO_GET=1 -DCONVOPEQ_ENABLE_AUDIOENGINE_SPLIT_STATEIO_LOAD=1 -DCONVOPEQ_ENABLE_AUDIOENGINE_SPLIT_THREADING_ADVANCE=1 -DCONVOPEQ_ENABLE_AUDIOENGINE_SPLIT_THREADING_DEFERRED=1 -DCONVOPEQ_ENABLE_AUDIOENGINE_SPLIT_THREADING_ENTER=1 -DCONVOPEQ_ENABLE_AUDIOENGINE_SPLIT_THREADING_EXIT=1 -DCONVOPEQ_ENABLE_AUDIOENGINE_SPLIT_THREADING_PUBLISH=1 -DCONVOPEQ_ENABLE_AUDIOENGINE_SPLIT_THREADING_RECLAIM=1 -DCONVOPEQ_ENABLE_AUDIOENGINE_SPLIT_TIMER_CALLBACK=1 -DCONVOPEQ_ENABLE_AUDIOENGINE_SPLIT_UI_EVENTS=1 -DCONVOPEQ_ENABLE_CONVOLVER_SPLIT_LIFECYCLE=1 -DCONVOPEQ_ENABLE_CONVOLVER_SPLIT_LOADER_THREAD=1 -DCONVOPEQ_ENABLE_CONVOLVER_SPLIT_LOAD_PIPELINE=1 -DCONVOPEQ_ENABLE_CONVOLVER_SPLIT_MIXED_PHASE=1 -DCONVOPEQ_ENABLE_CONVOLVER_SPLIT_REBUILD=1 -DCONVOPEQ_ENABLE_CONVOLVER_SPLIT_RESAMPLE=1 -DCONVOPEQ_ENABLE_CONVOLVER_SPLIT_RUNTIME=1 -DCONVOPEQ_ENABLE_CONVOLVER_SPLIT_STATE_UI=1 -DJUCE_APPLICATION_NAME_STRING=\"ConvoPeq\" -DJUCE_APPLICATION_VERSION_STRING=\"0.6.3\" -DJUCE_ASIO=1 -DJUCE_DISABLE_ACCESSIBILITY=1 -DJUCE_DONT_DEFINE_MIN_MAX_MACROS=1 -DJUCE_DSP_USE_INTEL_MKL=1 -DJUCE_GLOBAL_MODULE_SETTINGS_INCLUDED=1 -DJUCE_MODULE_AVAILABLE_juce_audio_basics=1 -DJUCE_MODULE_AVAILABLE_juce_audio_devices=1 -DJUCE_MODULE_AVAILABLE_juce_audio_formats=1 -DJUCE_MODULE_AVAILABLE_juce_audio_processors=1 -DJUCE_MODULE_AVAILABLE_juce_audio_processors_headless=1 -DJUCE_MODULE_AVAILABLE_juce_audio_utils=1 -DJUCE_MODULE_AVAILABLE_juce_core=1 -DJUCE_MODULE_AVAILABLE_juce_data_structures=1 -DJUCE_MODULE_AVAILABLE_juce_dsp=1 -DJUCE_MODULE_AVAILABLE_juce_events=1 -DJUCE_MODULE_AVAILABLE_juce_graphics=1 -DJUCE_MODULE_AVAILABLE_juce_gui_basics=1 -DJUCE_MODULE_AVAILABLE_juce_gui_extra=1 -DJUCE_STANDALONE_APPLICATION=1 -DJUCE_USE_CURL=0 -DJUCE_USE_SIMD=1 -DJUCE_USE_SSE_INTRINSICS=1 -DJUCE_WEB_BROWSER=0 -DJUCE_WIN_PER_MONITOR_DPI_AWARE=0 -DNDEBUG=1 -DNOMINMAX -DR8B_EXTFILTERS=0 -DR8B_FASTTIMING=1 -DUNICODE -D_CRT_SECURE_NO_WARNINGS -D_NDEBUG=1 -D_UNICODE -DCMAKE_INTDIR=\"Release\" -IC:\VSC_Project\ConvoPeq\build\ConvoPeq_artefacts\JuceLibraryCode -IC:\VSC_Project\ConvoPeq -IC:\VSC_Project\ConvoPeq\src -IC:\VSC_Project\ConvoPeq\src\audioengine -IC:\VSC_Project\ConvoPeq\src\eqprocessor -IC:\VSC_Project\ConvoPeq\JUCE\modules\juce_audio_processors_headless\format_types\VST3_SDK -IC:\VSC_Project\ConvoPeq\JUCE\modules\juce_audio_processors_headless\format_types\LV2_SDK -IC:\VSC_Project\ConvoPeq\JUCE\modules\juce_audio_processors_headless\format_types\LV2_SDK\lv2 -IC:\VSC_Project\ConvoPeq\JUCE\modules\juce_audio_processors_headless\format_types\LV2_SDK\serd -IC:\VSC_Project\ConvoPeq\JUCE\modules\juce_audio_processors_headless\format_types\LV2_SDK\sord -IC:\VSC_Project\ConvoPeq\JUCE\modules\juce_audio_processors_headless\format_types\LV2_SDK\sord\src -IC:\VSC_Project\ConvoPeq\JUCE\modules\juce_audio_processors_headless\format_types\LV2_SDK\sratom -IC:\VSC_Project\ConvoPeq\JUCE\modules\juce_audio_processors_headless\format_types\LV2_SDK\lilv -IC:\VSC_Project\ConvoPeq\JUCE\modules\juce_audio_processors_headless\format_types\LV2_SDK\lilv\src -external:IC:\VSC_Project\ConvoPeq\JUCE\modules -external:I"C:\Program Files (x86)\Intel\oneAPI\mkl\latest\include" -external:I"C:\Program Files (x86)\Intel\oneAPI\ipp\latest\include" -external:IC:\VSC_Project\ConvoPeq\r8brain-free-src -external:I"C:\Program Files (x86)\Intel\oneAPI\mkl\2025.3\include" -external:I"C:\Program Files (x86)\Intel\oneAPI\ipp\2022.3\include" -external:W0 /DWIN32 /D_WINDOWS /EHsc /Zm200 /bigobj /O2 /Ob2 /DNDEBUG /GL /arch:AVX2 /fp:fast /Gw /Gy -std:c++20 -MD /GL /GL /utf-8 /W4 /wd4100 /wd4189 /MP1 /EHsc /Zm200 /bigobj /arch:AVX2 /showIncludes /FoCMakeFiles\ConvoPeq.dir\Release\src\MainWindow.cpp.obj /FdCMakeFiles\ConvoPeq.dir\Release\ /FS -c C:\VSC_Project\ConvoPeq\src\MainWindow.cpp
C:\VSC_Project\ConvoPeq\JUCE\modules\juce_core\system/juce_StandardHeader.h(62): fatal error C1083: include ファイルを開けません。'algorithm':No such file or directory
[14/45] Building CXX object CMakeFiles\ConvoPeq.dir\Release\src\audioengine\AudioEngine.Snapshot.cpp.obj
FAILED: [code=2] CMakeFiles/ConvoPeq.dir/Release/src/audioengine/AudioEngine.Snapshot.cpp.obj 
C:\PROGRA~1\MICROS~1\18\ENTERP~1\VC\Tools\MSVC\1451~1.362\bin\Hostx64\x64\cl.exe  /nologo /TP -DCONVOPEQ_ENABLE_AUDIOENGINE_SPLIT_CACHE_MANAGER=1 -DCONVOPEQ_ENABLE_AUDIOENGINE_SPLIT_CALC_EQ_RESPONSE=1 -DCONVOPEQ_ENABLE_AUDIOENGINE_SPLIT_COMMIT_EXECUTE=1 -DCONVOPEQ_ENABLE_AUDIOENGINE_SPLIT_COMMIT_PREPARE=1 -DCONVOPEQ_ENABLE_AUDIOENGINE_SPLIT_CTOR_DTOR=1 -DCONVOPEQ_ENABLE_AUDIOENGINE_SPLIT_FIFO_UI=1 -DCONVOPEQ_ENABLE_AUDIOENGINE_SPLIT_GLOBALS=1 -DCONVOPEQ_ENABLE_AUDIOENGINE_SPLIT_HELPERS_CROSSFADE=1 -DCONVOPEQ_ENABLE_AUDIOENGINE_SPLIT_HELPERS_NUMERIC=1 -DCONVOPEQ_ENABLE_AUDIOENGINE_SPLIT_INIT_LIFECYCLE=1 -DCONVOPEQ_ENABLE_AUDIOENGINE_SPLIT_LEARNING_DEFERRED=1 -DCONVOPEQ_ENABLE_AUDIOENGINE_SPLIT_LEARNING_HELPERS=1 -DCONVOPEQ_ENABLE_AUDIOENGINE_SPLIT_LEARNING_PROCESS=1 -DCONVOPEQ_ENABLE_AUDIOENGINE_SPLIT_LEARNING_RESET=1 -DCONVOPEQ_ENABLE_AUDIOENGINE_SPLIT_LEARNING_START=1 -DCONVOPEQ_ENABLE_AUDIOENGINE_SPLIT_LEARNING_STOP=1 -DCONVOPEQ_ENABLE_AUDIOENGINE_SPLIT_PARAMETERS=1 -DCONVOPEQ_ENABLE_AUDIOENGINE_SPLIT_PROCESSING_AUDIO_BLOCK=1 -DCONVOPEQ_ENABLE_AUDIOENGINE_SPLIT_PROCESSING_BLOCK_DOUBLE=1 -DCONVOPEQ_ENABLE_AUDIOENGINE_SPLIT_PROCESSING_DSP_DOUBLE=1 -DCONVOPEQ_ENABLE_AUDIOENGINE_SPLIT_PROCESSING_DSP_FLOAT=1 -DCONVOPEQ_ENABLE_AUDIOENGINE_SPLIT_PROCESSING_DSP_IO=1 -DCONVOPEQ_ENABLE_AUDIOENGINE_SPLIT_PROCESSING_DSP_LATENCY=1 -DCONVOPEQ_ENABLE_AUDIOENGINE_SPLIT_PROCESSING_DSP_PREPARE=1 -DCONVOPEQ_ENABLE_AUDIOENGINE_SPLIT_PROCESSING_LATENCY_QUERY=1 -DCONVOPEQ_ENABLE_AUDIOENGINE_SPLIT_PROCESSING_PREPARE_TO_PLAY=1 -DCONVOPEQ_ENABLE_AUDIOENGINE_SPLIT_PROCESSING_RELEASE_RESOURCES=1 -DCONVOPEQ_ENABLE_AUDIOENGINE_SPLIT_PROCESSING_SNAPSHOT=1 -DCONVOPEQ_ENABLE_AUDIOENGINE_SPLIT_PROCESSING_TO_BUFFER=1 -DCONVOPEQ_ENABLE_AUDIOENGINE_SPLIT_REBUILD_DISPATCH=1 -DCONVOPEQ_ENABLE_AUDIOENGINE_SPLIT_REBUILD_EXECUTE=1 -DCONVOPEQ_ENABLE_AUDIOENGINE_SPLIT_SNAPSHOT_CREATE=1 -DCONVOPEQ_ENABLE_AUDIOENGINE_SPLIT_STATEIO_GET=1 -DCONVOPEQ_ENABLE_AUDIOENGINE_SPLIT_STATEIO_LOAD=1 -DCONVOPEQ_ENABLE_AUDIOENGINE_SPLIT_THREADING_ADVANCE=1 -DCONVOPEQ_ENABLE_AUDIOENGINE_SPLIT_THREADING_DEFERRED=1 -DCONVOPEQ_ENABLE_AUDIOENGINE_SPLIT_THREADING_ENTER=1 -DCONVOPEQ_ENABLE_AUDIOENGINE_SPLIT_THREADING_EXIT=1 -DCONVOPEQ_ENABLE_AUDIOENGINE_SPLIT_THREADING_PUBLISH=1 -DCONVOPEQ_ENABLE_AUDIOENGINE_SPLIT_THREADING_RECLAIM=1 -DCONVOPEQ_ENABLE_AUDIOENGINE_SPLIT_TIMER_CALLBACK=1 -DCONVOPEQ_ENABLE_AUDIOENGINE_SPLIT_UI_EVENTS=1 -DCONVOPEQ_ENABLE_CONVOLVER_SPLIT_LIFECYCLE=1 -DCONVOPEQ_ENABLE_CONVOLVER_SPLIT_LOADER_THREAD=1 -DCONVOPEQ_ENABLE_CONVOLVER_SPLIT_LOAD_PIPELINE=1 -DCONVOPEQ_ENABLE_CONVOLVER_SPLIT_MIXED_PHASE=1 -DCONVOPEQ_ENABLE_CONVOLVER_SPLIT_REBUILD=1 -DCONVOPEQ_ENABLE_CONVOLVER_SPLIT_RESAMPLE=1 -DCONVOPEQ_ENABLE_CONVOLVER_SPLIT_RUNTIME=1 -DCONVOPEQ_ENABLE_CONVOLVER_SPLIT_STATE_UI=1 -DJUCE_APPLICATION_NAME_STRING=\"ConvoPeq\" -DJUCE_APPLICATION_VERSION_STRING=\"0.6.3\" -DJUCE_ASIO=1 -DJUCE_DISABLE_ACCESSIBILITY=1 -DJUCE_DONT_DEFINE_MIN_MAX_MACROS=1 -DJUCE_DSP_USE_INTEL_MKL=1 -DJUCE_GLOBAL_MODULE_SETTINGS_INCLUDED=1 -DJUCE_MODULE_AVAILABLE_juce_audio_basics=1 -DJUCE_MODULE_AVAILABLE_juce_audio_devices=1 -DJUCE_MODULE_AVAILABLE_juce_audio_formats=1 -DJUCE_MODULE_AVAILABLE_juce_audio_processors=1 -DJUCE_MODULE_AVAILABLE_juce_audio_processors_headless=1 -DJUCE_MODULE_AVAILABLE_juce_audio_utils=1 -DJUCE_MODULE_AVAILABLE_juce_core=1 -DJUCE_MODULE_AVAILABLE_juce_data_structures=1 -DJUCE_MODULE_AVAILABLE_juce_dsp=1 -DJUCE_MODULE_AVAILABLE_juce_events=1 -DJUCE_MODULE_AVAILABLE_juce_graphics=1 -DJUCE_MODULE_AVAILABLE_juce_gui_basics=1 -DJUCE_MODULE_AVAILABLE_juce_gui_extra=1 -DJUCE_STANDALONE_APPLICATION=1 -DJUCE_USE_CURL=0 -DJUCE_USE_SIMD=1 -DJUCE_USE_SSE_INTRINSICS=1 -DJUCE_WEB_BROWSER=0 -DJUCE_WIN_PER_MONITOR_DPI_AWARE=0 -DNDEBUG=1 -DNOMINMAX -DR8B_EXTFILTERS=0 -DR8B_FASTTIMING=1 -DUNICODE -D_CRT_SECURE_NO_WARNINGS -D_NDEBUG=1 -D_UNICODE -DCMAKE_INTDIR=\"Release\" -IC:\VSC_Project\ConvoPeq\build\ConvoPeq_artefacts\JuceLibraryCode -IC:\VSC_Project\ConvoPeq -IC:\VSC_Project\ConvoPeq\src -IC:\VSC_Project\ConvoPeq\src\audioengine -IC:\VSC_Project\ConvoPeq\src\eqprocessor -IC:\VSC_Project\ConvoPeq\JUCE\modules\juce_audio_processors_headless\format_types\VST3_SDK -IC:\VSC_Project\ConvoPeq\JUCE\modules\juce_audio_processors_headless\format_types\LV2_SDK -IC:\VSC_Project\ConvoPeq\JUCE\modules\juce_audio_processors_headless\format_types\LV2_SDK\lv2 -IC:\VSC_Project\ConvoPeq\JUCE\modules\juce_audio_processors_headless\format_types\LV2_SDK\serd -IC:\VSC_Project\ConvoPeq\JUCE\modules\juce_audio_processors_headless\format_types\LV2_SDK\sord -IC:\VSC_Project\ConvoPeq\JUCE\modules\juce_audio_processors_headless\format_types\LV2_SDK\sord\src -IC:\VSC_Project\ConvoPeq\JUCE\modules\juce_audio_processors_headless\format_types\LV2_SDK\sratom -IC:\VSC_Project\ConvoPeq\JUCE\modules\juce_audio_processors_headless\format_types\LV2_SDK\lilv -IC:\VSC_Project\ConvoPeq\JUCE\modules\juce_audio_processors_headless\format_types\LV2_SDK\lilv\src -external:IC:\VSC_Project\ConvoPeq\JUCE\modules -external:I"C:\Program Files (x86)\Intel\oneAPI\mkl\latest\include" -external:I"C:\Program Files (x86)\Intel\oneAPI\ipp\latest\include" -external:IC:\VSC_Project\ConvoPeq\r8brain-free-src -external:I"C:\Program Files (x86)\Intel\oneAPI\mkl\2025.3\include" -external:I"C:\Program Files (x86)\Intel\oneAPI\ipp\2022.3\include" -external:W0 /DWIN32 /D_WINDOWS /EHsc /Zm200 /bigobj /O2 /Ob2 /DNDEBUG /GL /arch:AVX2 /fp:fast /Gw /Gy -std:c++20 -MD /GL /GL /utf-8 /W4 /wd4100 /wd4189 /MP1 /EHsc /Zm200 /bigobj /arch:AVX2 /showIncludes /FoCMakeFiles\ConvoPeq.dir\Release\src\audioengine\AudioEngine.Snapshot.cpp.obj /FdCMakeFiles\ConvoPeq.dir\Release\ /FS -c C:\VSC_Project\ConvoPeq\src\audioengine\AudioEngine.Snapshot.cpp
C:\VSC_Project\ConvoPeq\JUCE\modules\juce_core\system/juce_StandardHeader.h(62): fatal error C1083: include ファイルを開けません。'algorithm':No such file or directory
[15/45] Building CXX object CMakeFiles\ConvoPeq.dir\Release\src\audioengine\AudioEngine.CtorDtor.cpp.obj
FAILED: [code=2] CMakeFiles/ConvoPeq.dir/Release/src/audioengine/AudioEngine.CtorDtor.cpp.obj 
C:\PROGRA~1\MICROS~1\18\ENTERP~1\VC\Tools\MSVC\1451~1.362\bin\Hostx64\x64\cl.exe  /nologo /TP -DCONVOPEQ_ENABLE_AUDIOENGINE_SPLIT_CACHE_MANAGER=1 -DCONVOPEQ_ENABLE_AUDIOENGINE_SPLIT_CALC_EQ_RESPONSE=1 -DCONVOPEQ_ENABLE_AUDIOENGINE_SPLIT_COMMIT_EXECUTE=1 -DCONVOPEQ_ENABLE_AUDIOENGINE_SPLIT_COMMIT_PREPARE=1 -DCONVOPEQ_ENABLE_AUDIOENGINE_SPLIT_CTOR_DTOR=1 -DCONVOPEQ_ENABLE_AUDIOENGINE_SPLIT_FIFO_UI=1 -DCONVOPEQ_ENABLE_AUDIOENGINE_SPLIT_GLOBALS=1 -DCONVOPEQ_ENABLE_AUDIOENGINE_SPLIT_HELPERS_CROSSFADE=1 -DCONVOPEQ_ENABLE_AUDIOENGINE_SPLIT_HELPERS_NUMERIC=1 -DCONVOPEQ_ENABLE_AUDIOENGINE_SPLIT_INIT_LIFECYCLE=1 -DCONVOPEQ_ENABLE_AUDIOENGINE_SPLIT_LEARNING_DEFERRED=1 -DCONVOPEQ_ENABLE_AUDIOENGINE_SPLIT_LEARNING_HELPERS=1 -DCONVOPEQ_ENABLE_AUDIOENGINE_SPLIT_LEARNING_PROCESS=1 -DCONVOPEQ_ENABLE_AUDIOENGINE_SPLIT_LEARNING_RESET=1 -DCONVOPEQ_ENABLE_AUDIOENGINE_SPLIT_LEARNING_START=1 -DCONVOPEQ_ENABLE_AUDIOENGINE_SPLIT_LEARNING_STOP=1 -DCONVOPEQ_ENABLE_AUDIOENGINE_SPLIT_PARAMETERS=1 -DCONVOPEQ_ENABLE_AUDIOENGINE_SPLIT_PROCESSING_AUDIO_BLOCK=1 -DCONVOPEQ_ENABLE_AUDIOENGINE_SPLIT_PROCESSING_BLOCK_DOUBLE=1 -DCONVOPEQ_ENABLE_AUDIOENGINE_SPLIT_PROCESSING_DSP_DOUBLE=1 -DCONVOPEQ_ENABLE_AUDIOENGINE_SPLIT_PROCESSING_DSP_FLOAT=1 -DCONVOPEQ_ENABLE_AUDIOENGINE_SPLIT_PROCESSING_DSP_IO=1 -DCONVOPEQ_ENABLE_AUDIOENGINE_SPLIT_PROCESSING_DSP_LATENCY=1 -DCONVOPEQ_ENABLE_AUDIOENGINE_SPLIT_PROCESSING_DSP_PREPARE=1 -DCONVOPEQ_ENABLE_AUDIOENGINE_SPLIT_PROCESSING_LATENCY_QUERY=1 -DCONVOPEQ_ENABLE_AUDIOENGINE_SPLIT_PROCESSING_PREPARE_TO_PLAY=1 -DCONVOPEQ_ENABLE_AUDIOENGINE_SPLIT_PROCESSING_RELEASE_RESOURCES=1 -DCONVOPEQ_ENABLE_AUDIOENGINE_SPLIT_PROCESSING_SNAPSHOT=1 -DCONVOPEQ_ENABLE_AUDIOENGINE_SPLIT_PROCESSING_TO_BUFFER=1 -DCONVOPEQ_ENABLE_AUDIOENGINE_SPLIT_REBUILD_DISPATCH=1 -DCONVOPEQ_ENABLE_AUDIOENGINE_SPLIT_REBUILD_EXECUTE=1 -DCONVOPEQ_ENABLE_AUDIOENGINE_SPLIT_SNAPSHOT_CREATE=1 -DCONVOPEQ_ENABLE_AUDIOENGINE_SPLIT_STATEIO_GET=1 -DCONVOPEQ_ENABLE_AUDIOENGINE_SPLIT_STATEIO_LOAD=1 -DCONVOPEQ_ENABLE_AUDIOENGINE_SPLIT_THREADING_ADVANCE=1 -DCONVOPEQ_ENABLE_AUDIOENGINE_SPLIT_THREADING_DEFERRED=1 -DCONVOPEQ_ENABLE_AUDIOENGINE_SPLIT_THREADING_ENTER=1 -DCONVOPEQ_ENABLE_AUDIOENGINE_SPLIT_THREADING_EXIT=1 -DCONVOPEQ_ENABLE_AUDIOENGINE_SPLIT_THREADING_PUBLISH=1 -DCONVOPEQ_ENABLE_AUDIOENGINE_SPLIT_THREADING_RECLAIM=1 -DCONVOPEQ_ENABLE_AUDIOENGINE_SPLIT_TIMER_CALLBACK=1 -DCONVOPEQ_ENABLE_AUDIOENGINE_SPLIT_UI_EVENTS=1 -DCONVOPEQ_ENABLE_CONVOLVER_SPLIT_LIFECYCLE=1 -DCONVOPEQ_ENABLE_CONVOLVER_SPLIT_LOADER_THREAD=1 -DCONVOPEQ_ENABLE_CONVOLVER_SPLIT_LOAD_PIPELINE=1 -DCONVOPEQ_ENABLE_CONVOLVER_SPLIT_MIXED_PHASE=1 -DCONVOPEQ_ENABLE_CONVOLVER_SPLIT_REBUILD=1 -DCONVOPEQ_ENABLE_CONVOLVER_SPLIT_RESAMPLE=1 -DCONVOPEQ_ENABLE_CONVOLVER_SPLIT_RUNTIME=1 -DCONVOPEQ_ENABLE_CONVOLVER_SPLIT_STATE_UI=1 -DJUCE_APPLICATION_NAME_STRING=\"ConvoPeq\" -DJUCE_APPLICATION_VERSION_STRING=\"0.6.3\" -DJUCE_ASIO=1 -DJUCE_DISABLE_ACCESSIBILITY=1 -DJUCE_DONT_DEFINE_MIN_MAX_MACROS=1 -DJUCE_DSP_USE_INTEL_MKL=1 -DJUCE_GLOBAL_MODULE_SETTINGS_INCLUDED=1 -DJUCE_MODULE_AVAILABLE_juce_audio_basics=1 -DJUCE_MODULE_AVAILABLE_juce_audio_devices=1 -DJUCE_MODULE_AVAILABLE_juce_audio_formats=1 -DJUCE_MODULE_AVAILABLE_juce_audio_processors=1 -DJUCE_MODULE_AVAILABLE_juce_audio_processors_headless=1 -DJUCE_MODULE_AVAILABLE_juce_audio_utils=1 -DJUCE_MODULE_AVAILABLE_juce_core=1 -DJUCE_MODULE_AVAILABLE_juce_data_structures=1 -DJUCE_MODULE_AVAILABLE_juce_dsp=1 -DJUCE_MODULE_AVAILABLE_juce_events=1 -DJUCE_MODULE_AVAILABLE_juce_graphics=1 -DJUCE_MODULE_AVAILABLE_juce_gui_basics=1 -DJUCE_MODULE_AVAILABLE_juce_gui_extra=1 -DJUCE_STANDALONE_APPLICATION=1 -DJUCE_USE_CURL=0 -DJUCE_USE_SIMD=1 -DJUCE_USE_SSE_INTRINSICS=1 -DJUCE_WEB_BROWSER=0 -DJUCE_WIN_PER_MONITOR_DPI_AWARE=0 -DNDEBUG=1 -DNOMINMAX -DR8B_EXTFILTERS=0 -DR8B_FASTTIMING=1 -DUNICODE -D_CRT_SECURE_NO_WARNINGS -D_NDEBUG=1 -D_UNICODE -DCMAKE_INTDIR=\"Release\" -IC:\VSC_Project\ConvoPeq\build\ConvoPeq_artefacts\JuceLibraryCode -IC:\VSC_Project\ConvoPeq -IC:\VSC_Project\ConvoPeq\src -IC:\VSC_Project\ConvoPeq\src\audioengine -IC:\VSC_Project\ConvoPeq\src\eqprocessor -IC:\VSC_Project\ConvoPeq\JUCE\modules\juce_audio_processors_headless\format_types\VST3_SDK -IC:\VSC_Project\ConvoPeq\JUCE\modules\juce_audio_processors_headless\format_types\LV2_SDK -IC:\VSC_Project\ConvoPeq\JUCE\modules\juce_audio_processors_headless\format_types\LV2_SDK\lv2 -IC:\VSC_Project\ConvoPeq\JUCE\modules\juce_audio_processors_headless\format_types\LV2_SDK\serd -IC:\VSC_Project\ConvoPeq\JUCE\modules\juce_audio_processors_headless\format_types\LV2_SDK\sord -IC:\VSC_Project\ConvoPeq\JUCE\modules\juce_audio_processors_headless\format_types\LV2_SDK\sord\src -IC:\VSC_Project\ConvoPeq\JUCE\modules\juce_audio_processors_headless\format_types\LV2_SDK\sratom -IC:\VSC_Project\ConvoPeq\JUCE\modules\juce_audio_processors_headless\format_types\LV2_SDK\lilv -IC:\VSC_Project\ConvoPeq\JUCE\modules\juce_audio_processors_headless\format_types\LV2_SDK\lilv\src -external:IC:\VSC_Project\ConvoPeq\JUCE\modules -external:I"C:\Program Files (x86)\Intel\oneAPI\mkl\latest\include" -external:I"C:\Program Files (x86)\Intel\oneAPI\ipp\latest\include" -external:IC:\VSC_Project\ConvoPeq\r8brain-free-src -external:I"C:\Program Files (x86)\Intel\oneAPI\mkl\2025.3\include" -external:I"C:\Program Files (x86)\Intel\oneAPI\ipp\2022.3\include" -external:W0 /DWIN32 /D_WINDOWS /EHsc /Zm200 /bigobj /O2 /Ob2 /DNDEBUG /GL /arch:AVX2 /fp:fast /Gw /Gy -std:c++20 -MD /GL /GL /utf-8 /W4 /wd4100 /wd4189 /MP1 /EHsc /Zm200 /bigobj /arch:AVX2 /showIncludes /FoCMakeFiles\ConvoPeq.dir\Release\src\audioengine\AudioEngine.CtorDtor.cpp.obj /FdCMakeFiles\ConvoPeq.dir\Release\ /FS -c C:\VSC_Project\ConvoPeq\src\audioengine\AudioEngine.CtorDtor.cpp
C:\VSC_Project\ConvoPeq\JUCE\modules\juce_core\system/juce_StandardHeader.h(62): fatal error C1083: include ファイルを開けません。'algorithm':No such file or directory
[16/45] Building CXX object CMakeFiles\ConvoPeq.dir\Release\src\audioengine\AudioEngine.StateIO.cpp.obj
FAILED: [code=2] CMakeFiles/ConvoPeq.dir/Release/src/audioengine/AudioEngine.StateIO.cpp.obj 
C:\PROGRA~1\MICROS~1\18\ENTERP~1\VC\Tools\MSVC\1451~1.362\bin\Hostx64\x64\cl.exe  /nologo /TP -DCONVOPEQ_ENABLE_AUDIOENGINE_SPLIT_CACHE_MANAGER=1 -DCONVOPEQ_ENABLE_AUDIOENGINE_SPLIT_CALC_EQ_RESPONSE=1 -DCONVOPEQ_ENABLE_AUDIOENGINE_SPLIT_COMMIT_EXECUTE=1 -DCONVOPEQ_ENABLE_AUDIOENGINE_SPLIT_COMMIT_PREPARE=1 -DCONVOPEQ_ENABLE_AUDIOENGINE_SPLIT_CTOR_DTOR=1 -DCONVOPEQ_ENABLE_AUDIOENGINE_SPLIT_FIFO_UI=1 -DCONVOPEQ_ENABLE_AUDIOENGINE_SPLIT_GLOBALS=1 -DCONVOPEQ_ENABLE_AUDIOENGINE_SPLIT_HELPERS_CROSSFADE=1 -DCONVOPEQ_ENABLE_AUDIOENGINE_SPLIT_HELPERS_NUMERIC=1 -DCONVOPEQ_ENABLE_AUDIOENGINE_SPLIT_INIT_LIFECYCLE=1 -DCONVOPEQ_ENABLE_AUDIOENGINE_SPLIT_LEARNING_DEFERRED=1 -DCONVOPEQ_ENABLE_AUDIOENGINE_SPLIT_LEARNING_HELPERS=1 -DCONVOPEQ_ENABLE_AUDIOENGINE_SPLIT_LEARNING_PROCESS=1 -DCONVOPEQ_ENABLE_AUDIOENGINE_SPLIT_LEARNING_RESET=1 -DCONVOPEQ_ENABLE_AUDIOENGINE_SPLIT_LEARNING_START=1 -DCONVOPEQ_ENABLE_AUDIOENGINE_SPLIT_LEARNING_STOP=1 -DCONVOPEQ_ENABLE_AUDIOENGINE_SPLIT_PARAMETERS=1 -DCONVOPEQ_ENABLE_AUDIOENGINE_SPLIT_PROCESSING_AUDIO_BLOCK=1 -DCONVOPEQ_ENABLE_AUDIOENGINE_SPLIT_PROCESSING_BLOCK_DOUBLE=1 -DCONVOPEQ_ENABLE_AUDIOENGINE_SPLIT_PROCESSING_DSP_DOUBLE=1 -DCONVOPEQ_ENABLE_AUDIOENGINE_SPLIT_PROCESSING_DSP_FLOAT=1 -DCONVOPEQ_ENABLE_AUDIOENGINE_SPLIT_PROCESSING_DSP_IO=1 -DCONVOPEQ_ENABLE_AUDIOENGINE_SPLIT_PROCESSING_DSP_LATENCY=1 -DCONVOPEQ_ENABLE_AUDIOENGINE_SPLIT_PROCESSING_DSP_PREPARE=1 -DCONVOPEQ_ENABLE_AUDIOENGINE_SPLIT_PROCESSING_LATENCY_QUERY=1 -DCONVOPEQ_ENABLE_AUDIOENGINE_SPLIT_PROCESSING_PREPARE_TO_PLAY=1 -DCONVOPEQ_ENABLE_AUDIOENGINE_SPLIT_PROCESSING_RELEASE_RESOURCES=1 -DCONVOPEQ_ENABLE_AUDIOENGINE_SPLIT_PROCESSING_SNAPSHOT=1 -DCONVOPEQ_ENABLE_AUDIOENGINE_SPLIT_PROCESSING_TO_BUFFER=1 -DCONVOPEQ_ENABLE_AUDIOENGINE_SPLIT_REBUILD_DISPATCH=1 -DCONVOPEQ_ENABLE_AUDIOENGINE_SPLIT_REBUILD_EXECUTE=1 -DCONVOPEQ_ENABLE_AUDIOENGINE_SPLIT_SNAPSHOT_CREATE=1 -DCONVOPEQ_ENABLE_AUDIOENGINE_SPLIT_STATEIO_GET=1 -DCONVOPEQ_ENABLE_AUDIOENGINE_SPLIT_STATEIO_LOAD=1 -DCONVOPEQ_ENABLE_AUDIOENGINE_SPLIT_THREADING_ADVANCE=1 -DCONVOPEQ_ENABLE_AUDIOENGINE_SPLIT_THREADING_DEFERRED=1 -DCONVOPEQ_ENABLE_AUDIOENGINE_SPLIT_THREADING_ENTER=1 -DCONVOPEQ_ENABLE_AUDIOENGINE_SPLIT_THREADING_EXIT=1 -DCONVOPEQ_ENABLE_AUDIOENGINE_SPLIT_THREADING_PUBLISH=1 -DCONVOPEQ_ENABLE_AUDIOENGINE_SPLIT_THREADING_RECLAIM=1 -DCONVOPEQ_ENABLE_AUDIOENGINE_SPLIT_TIMER_CALLBACK=1 -DCONVOPEQ_ENABLE_AUDIOENGINE_SPLIT_UI_EVENTS=1 -DCONVOPEQ_ENABLE_CONVOLVER_SPLIT_LIFECYCLE=1 -DCONVOPEQ_ENABLE_CONVOLVER_SPLIT_LOADER_THREAD=1 -DCONVOPEQ_ENABLE_CONVOLVER_SPLIT_LOAD_PIPELINE=1 -DCONVOPEQ_ENABLE_CONVOLVER_SPLIT_MIXED_PHASE=1 -DCONVOPEQ_ENABLE_CONVOLVER_SPLIT_REBUILD=1 -DCONVOPEQ_ENABLE_CONVOLVER_SPLIT_RESAMPLE=1 -DCONVOPEQ_ENABLE_CONVOLVER_SPLIT_RUNTIME=1 -DCONVOPEQ_ENABLE_CONVOLVER_SPLIT_STATE_UI=1 -DJUCE_APPLICATION_NAME_STRING=\"ConvoPeq\" -DJUCE_APPLICATION_VERSION_STRING=\"0.6.3\" -DJUCE_ASIO=1 -DJUCE_DISABLE_ACCESSIBILITY=1 -DJUCE_DONT_DEFINE_MIN_MAX_MACROS=1 -DJUCE_DSP_USE_INTEL_MKL=1 -DJUCE_GLOBAL_MODULE_SETTINGS_INCLUDED=1 -DJUCE_MODULE_AVAILABLE_juce_audio_basics=1 -DJUCE_MODULE_AVAILABLE_juce_audio_devices=1 -DJUCE_MODULE_AVAILABLE_juce_audio_formats=1 -DJUCE_MODULE_AVAILABLE_juce_audio_processors=1 -DJUCE_MODULE_AVAILABLE_juce_audio_processors_headless=1 -DJUCE_MODULE_AVAILABLE_juce_audio_utils=1 -DJUCE_MODULE_AVAILABLE_juce_core=1 -DJUCE_MODULE_AVAILABLE_juce_data_structures=1 -DJUCE_MODULE_AVAILABLE_juce_dsp=1 -DJUCE_MODULE_AVAILABLE_juce_events=1 -DJUCE_MODULE_AVAILABLE_juce_graphics=1 -DJUCE_MODULE_AVAILABLE_juce_gui_basics=1 -DJUCE_MODULE_AVAILABLE_juce_gui_extra=1 -DJUCE_STANDALONE_APPLICATION=1 -DJUCE_USE_CURL=0 -DJUCE_USE_SIMD=1 -DJUCE_USE_SSE_INTRINSICS=1 -DJUCE_WEB_BROWSER=0 -DJUCE_WIN_PER_MONITOR_DPI_AWARE=0 -DNDEBUG=1 -DNOMINMAX -DR8B_EXTFILTERS=0 -DR8B_FASTTIMING=1 -DUNICODE -D_CRT_SECURE_NO_WARNINGS -D_NDEBUG=1 -D_UNICODE -DCMAKE_INTDIR=\"Release\" -IC:\VSC_Project\ConvoPeq\build\ConvoPeq_artefacts\JuceLibraryCode -IC:\VSC_Project\ConvoPeq -IC:\VSC_Project\ConvoPeq\src -IC:\VSC_Project\ConvoPeq\src\audioengine -IC:\VSC_Project\ConvoPeq\src\eqprocessor -IC:\VSC_Project\ConvoPeq\JUCE\modules\juce_audio_processors_headless\format_types\VST3_SDK -IC:\VSC_Project\ConvoPeq\JUCE\modules\juce_audio_processors_headless\format_types\LV2_SDK -IC:\VSC_Project\ConvoPeq\JUCE\modules\juce_audio_processors_headless\format_types\LV2_SDK\lv2 -IC:\VSC_Project\ConvoPeq\JUCE\modules\juce_audio_processors_headless\format_types\LV2_SDK\serd -IC:\VSC_Project\ConvoPeq\JUCE\modules\juce_audio_processors_headless\format_types\LV2_SDK\sord -IC:\VSC_Project\ConvoPeq\JUCE\modules\juce_audio_processors_headless\format_types\LV2_SDK\sord\src -IC:\VSC_Project\ConvoPeq\JUCE\modules\juce_audio_processors_headless\format_types\LV2_SDK\sratom -IC:\VSC_Project\ConvoPeq\JUCE\modules\juce_audio_processors_headless\format_types\LV2_SDK\lilv -IC:\VSC_Project\ConvoPeq\JUCE\modules\juce_audio_processors_headless\format_types\LV2_SDK\lilv\src -external:IC:\VSC_Project\ConvoPeq\JUCE\modules -external:I"C:\Program Files (x86)\Intel\oneAPI\mkl\latest\include" -external:I"C:\Program Files (x86)\Intel\oneAPI\ipp\latest\include" -external:IC:\VSC_Project\ConvoPeq\r8brain-free-src -external:I"C:\Program Files (x86)\Intel\oneAPI\mkl\2025.3\include" -external:I"C:\Program Files (x86)\Intel\oneAPI\ipp\2022.3\include" -external:W0 /DWIN32 /D_WINDOWS /EHsc /Zm200 /bigobj /O2 /Ob2 /DNDEBUG /GL /arch:AVX2 /fp:fast /Gw /Gy -std:c++20 -MD /GL /GL /utf-8 /W4 /wd4100 /wd4189 /MP1 /EHsc /Zm200 /bigobj /arch:AVX2 /showIncludes /FoCMakeFiles\ConvoPeq.dir\Release\src\audioengine\AudioEngine.StateIO.cpp.obj /FdCMakeFiles\ConvoPeq.dir\Release\ /FS -c C:\VSC_Project\ConvoPeq\src\audioengine\AudioEngine.StateIO.cpp
C:\VSC_Project\ConvoPeq\JUCE\modules\juce_core\system/juce_StandardHeader.h(62): fatal error C1083: include ファイルを開けません。'algorithm':No such file or directory
[17/45] Building CXX object CMakeFiles\ConvoPeq.dir\Release\src\audioengine\AudioEngine.Threading.cpp.obj
FAILED: [code=2] CMakeFiles/ConvoPeq.dir/Release/src/audioengine/AudioEngine.Threading.cpp.obj 
C:\PROGRA~1\MICROS~1\18\ENTERP~1\VC\Tools\MSVC\1451~1.362\bin\Hostx64\x64\cl.exe  /nologo /TP -DCONVOPEQ_ENABLE_AUDIOENGINE_SPLIT_CACHE_MANAGER=1 -DCONVOPEQ_ENABLE_AUDIOENGINE_SPLIT_CALC_EQ_RESPONSE=1 -DCONVOPEQ_ENABLE_AUDIOENGINE_SPLIT_COMMIT_EXECUTE=1 -DCONVOPEQ_ENABLE_AUDIOENGINE_SPLIT_COMMIT_PREPARE=1 -DCONVOPEQ_ENABLE_AUDIOENGINE_SPLIT_CTOR_DTOR=1 -DCONVOPEQ_ENABLE_AUDIOENGINE_SPLIT_FIFO_UI=1 -DCONVOPEQ_ENABLE_AUDIOENGINE_SPLIT_GLOBALS=1 -DCONVOPEQ_ENABLE_AUDIOENGINE_SPLIT_HELPERS_CROSSFADE=1 -DCONVOPEQ_ENABLE_AUDIOENGINE_SPLIT_HELPERS_NUMERIC=1 -DCONVOPEQ_ENABLE_AUDIOENGINE_SPLIT_INIT_LIFECYCLE=1 -DCONVOPEQ_ENABLE_AUDIOENGINE_SPLIT_LEARNING_DEFERRED=1 -DCONVOPEQ_ENABLE_AUDIOENGINE_SPLIT_LEARNING_HELPERS=1 -DCONVOPEQ_ENABLE_AUDIOENGINE_SPLIT_LEARNING_PROCESS=1 -DCONVOPEQ_ENABLE_AUDIOENGINE_SPLIT_LEARNING_RESET=1 -DCONVOPEQ_ENABLE_AUDIOENGINE_SPLIT_LEARNING_START=1 -DCONVOPEQ_ENABLE_AUDIOENGINE_SPLIT_LEARNING_STOP=1 -DCONVOPEQ_ENABLE_AUDIOENGINE_SPLIT_PARAMETERS=1 -DCONVOPEQ_ENABLE_AUDIOENGINE_SPLIT_PROCESSING_AUDIO_BLOCK=1 -DCONVOPEQ_ENABLE_AUDIOENGINE_SPLIT_PROCESSING_BLOCK_DOUBLE=1 -DCONVOPEQ_ENABLE_AUDIOENGINE_SPLIT_PROCESSING_DSP_DOUBLE=1 -DCONVOPEQ_ENABLE_AUDIOENGINE_SPLIT_PROCESSING_DSP_FLOAT=1 -DCONVOPEQ_ENABLE_AUDIOENGINE_SPLIT_PROCESSING_DSP_IO=1 -DCONVOPEQ_ENABLE_AUDIOENGINE_SPLIT_PROCESSING_DSP_LATENCY=1 -DCONVOPEQ_ENABLE_AUDIOENGINE_SPLIT_PROCESSING_DSP_PREPARE=1 -DCONVOPEQ_ENABLE_AUDIOENGINE_SPLIT_PROCESSING_LATENCY_QUERY=1 -DCONVOPEQ_ENABLE_AUDIOENGINE_SPLIT_PROCESSING_PREPARE_TO_PLAY=1 -DCONVOPEQ_ENABLE_AUDIOENGINE_SPLIT_PROCESSING_RELEASE_RESOURCES=1 -DCONVOPEQ_ENABLE_AUDIOENGINE_SPLIT_PROCESSING_SNAPSHOT=1 -DCONVOPEQ_ENABLE_AUDIOENGINE_SPLIT_PROCESSING_TO_BUFFER=1 -DCONVOPEQ_ENABLE_AUDIOENGINE_SPLIT_REBUILD_DISPATCH=1 -DCONVOPEQ_ENABLE_AUDIOENGINE_SPLIT_REBUILD_EXECUTE=1 -DCONVOPEQ_ENABLE_AUDIOENGINE_SPLIT_SNAPSHOT_CREATE=1 -DCONVOPEQ_ENABLE_AUDIOENGINE_SPLIT_STATEIO_GET=1 -DCONVOPEQ_ENABLE_AUDIOENGINE_SPLIT_STATEIO_LOAD=1 -DCONVOPEQ_ENABLE_AUDIOENGINE_SPLIT_THREADING_ADVANCE=1 -DCONVOPEQ_ENABLE_AUDIOENGINE_SPLIT_THREADING_DEFERRED=1 -DCONVOPEQ_ENABLE_AUDIOENGINE_SPLIT_THREADING_ENTER=1 -DCONVOPEQ_ENABLE_AUDIOENGINE_SPLIT_THREADING_EXIT=1 -DCONVOPEQ_ENABLE_AUDIOENGINE_SPLIT_THREADING_PUBLISH=1 -DCONVOPEQ_ENABLE_AUDIOENGINE_SPLIT_THREADING_RECLAIM=1 -DCONVOPEQ_ENABLE_AUDIOENGINE_SPLIT_TIMER_CALLBACK=1 -DCONVOPEQ_ENABLE_AUDIOENGINE_SPLIT_UI_EVENTS=1 -DCONVOPEQ_ENABLE_CONVOLVER_SPLIT_LIFECYCLE=1 -DCONVOPEQ_ENABLE_CONVOLVER_SPLIT_LOADER_THREAD=1 -DCONVOPEQ_ENABLE_CONVOLVER_SPLIT_LOAD_PIPELINE=1 -DCONVOPEQ_ENABLE_CONVOLVER_SPLIT_MIXED_PHASE=1 -DCONVOPEQ_ENABLE_CONVOLVER_SPLIT_REBUILD=1 -DCONVOPEQ_ENABLE_CONVOLVER_SPLIT_RESAMPLE=1 -DCONVOPEQ_ENABLE_CONVOLVER_SPLIT_RUNTIME=1 -DCONVOPEQ_ENABLE_CONVOLVER_SPLIT_STATE_UI=1 -DJUCE_APPLICATION_NAME_STRING=\"ConvoPeq\" -DJUCE_APPLICATION_VERSION_STRING=\"0.6.3\" -DJUCE_ASIO=1 -DJUCE_DISABLE_ACCESSIBILITY=1 -DJUCE_DONT_DEFINE_MIN_MAX_MACROS=1 -DJUCE_DSP_USE_INTEL_MKL=1 -DJUCE_GLOBAL_MODULE_SETTINGS_INCLUDED=1 -DJUCE_MODULE_AVAILABLE_juce_audio_basics=1 -DJUCE_MODULE_AVAILABLE_juce_audio_devices=1 -DJUCE_MODULE_AVAILABLE_juce_audio_formats=1 -DJUCE_MODULE_AVAILABLE_juce_audio_processors=1 -DJUCE_MODULE_AVAILABLE_juce_audio_processors_headless=1 -DJUCE_MODULE_AVAILABLE_juce_audio_utils=1 -DJUCE_MODULE_AVAILABLE_juce_core=1 -DJUCE_MODULE_AVAILABLE_juce_data_structures=1 -DJUCE_MODULE_AVAILABLE_juce_dsp=1 -DJUCE_MODULE_AVAILABLE_juce_events=1 -DJUCE_MODULE_AVAILABLE_juce_graphics=1 -DJUCE_MODULE_AVAILABLE_juce_gui_basics=1 -DJUCE_MODULE_AVAILABLE_juce_gui_extra=1 -DJUCE_STANDALONE_APPLICATION=1 -DJUCE_USE_CURL=0 -DJUCE_USE_SIMD=1 -DJUCE_USE_SSE_INTRINSICS=1 -DJUCE_WEB_BROWSER=0 -DJUCE_WIN_PER_MONITOR_DPI_AWARE=0 -DNDEBUG=1 -DNOMINMAX -DR8B_EXTFILTERS=0 -DR8B_FASTTIMING=1 -DUNICODE -D_CRT_SECURE_NO_WARNINGS -D_NDEBUG=1 -D_UNICODE -DCMAKE_INTDIR=\"Release\" -IC:\VSC_Project\ConvoPeq\build\ConvoPeq_artefacts\JuceLibraryCode -IC:\VSC_Project\ConvoPeq -IC:\VSC_Project\ConvoPeq\src -IC:\VSC_Project\ConvoPeq\src\audioengine -IC:\VSC_Project\ConvoPeq\src\eqprocessor -IC:\VSC_Project\ConvoPeq\JUCE\modules\juce_audio_processors_headless\format_types\VST3_SDK -IC:\VSC_Project\ConvoPeq\JUCE\modules\juce_audio_processors_headless\format_types\LV2_SDK -IC:\VSC_Project\ConvoPeq\JUCE\modules\juce_audio_processors_headless\format_types\LV2_SDK\lv2 -IC:\VSC_Project\ConvoPeq\JUCE\modules\juce_audio_processors_headless\format_types\LV2_SDK\serd -IC:\VSC_Project\ConvoPeq\JUCE\modules\juce_audio_processors_headless\format_types\LV2_SDK\sord -IC:\VSC_Project\ConvoPeq\JUCE\modules\juce_audio_processors_headless\format_types\LV2_SDK\sord\src -IC:\VSC_Project\ConvoPeq\JUCE\modules\juce_audio_processors_headless\format_types\LV2_SDK\sratom -IC:\VSC_Project\ConvoPeq\JUCE\modules\juce_audio_processors_headless\format_types\LV2_SDK\lilv -IC:\VSC_Project\ConvoPeq\JUCE\modules\juce_audio_processors_headless\format_types\LV2_SDK\lilv\src -external:IC:\VSC_Project\ConvoPeq\JUCE\modules -external:I"C:\Program Files (x86)\Intel\oneAPI\mkl\latest\include" -external:I"C:\Program Files (x86)\Intel\oneAPI\ipp\latest\include" -external:IC:\VSC_Project\ConvoPeq\r8brain-free-src -external:I"C:\Program Files (x86)\Intel\oneAPI\mkl\2025.3\include" -external:I"C:\Program Files (x86)\Intel\oneAPI\ipp\2022.3\include" -external:W0 /DWIN32 /D_WINDOWS /EHsc /Zm200 /bigobj /O2 /Ob2 /DNDEBUG /GL /arch:AVX2 /fp:fast /Gw /Gy -std:c++20 -MD /GL /GL /utf-8 /W4 /wd4100 /wd4189 /MP1 /EHsc /Zm200 /bigobj /arch:AVX2 /showIncludes /FoCMakeFiles\ConvoPeq.dir\Release\src\audioengine\AudioEngine.Threading.cpp.obj /FdCMakeFiles\ConvoPeq.dir\Release\ /FS -c C:\VSC_Project\ConvoPeq\src\audioengine\AudioEngine.Threading.cpp
C:\VSC_Project\ConvoPeq\JUCE\modules\juce_core\system/juce_StandardHeader.h(62): fatal error C1083: include ファイルを開けません。'algorithm':No such file or directory
[18/45] Building CXX object CMakeFiles\ConvoPeq.dir\Release\src\audioengine\AudioEngine.Processing.Latency.cpp.obj
FAILED: [code=2] CMakeFiles/ConvoPeq.dir/Release/src/audioengine/AudioEngine.Processing.Latency.cpp.obj 
C:\PROGRA~1\MICROS~1\18\ENTERP~1\VC\Tools\MSVC\1451~1.362\bin\Hostx64\x64\cl.exe  /nologo /TP -DCONVOPEQ_ENABLE_AUDIOENGINE_SPLIT_CACHE_MANAGER=1 -DCONVOPEQ_ENABLE_AUDIOENGINE_SPLIT_CALC_EQ_RESPONSE=1 -DCONVOPEQ_ENABLE_AUDIOENGINE_SPLIT_COMMIT_EXECUTE=1 -DCONVOPEQ_ENABLE_AUDIOENGINE_SPLIT_COMMIT_PREPARE=1 -DCONVOPEQ_ENABLE_AUDIOENGINE_SPLIT_CTOR_DTOR=1 -DCONVOPEQ_ENABLE_AUDIOENGINE_SPLIT_FIFO_UI=1 -DCONVOPEQ_ENABLE_AUDIOENGINE_SPLIT_GLOBALS=1 -DCONVOPEQ_ENABLE_AUDIOENGINE_SPLIT_HELPERS_CROSSFADE=1 -DCONVOPEQ_ENABLE_AUDIOENGINE_SPLIT_HELPERS_NUMERIC=1 -DCONVOPEQ_ENABLE_AUDIOENGINE_SPLIT_INIT_LIFECYCLE=1 -DCONVOPEQ_ENABLE_AUDIOENGINE_SPLIT_LEARNING_DEFERRED=1 -DCONVOPEQ_ENABLE_AUDIOENGINE_SPLIT_LEARNING_HELPERS=1 -DCONVOPEQ_ENABLE_AUDIOENGINE_SPLIT_LEARNING_PROCESS=1 -DCONVOPEQ_ENABLE_AUDIOENGINE_SPLIT_LEARNING_RESET=1 -DCONVOPEQ_ENABLE_AUDIOENGINE_SPLIT_LEARNING_START=1 -DCONVOPEQ_ENABLE_AUDIOENGINE_SPLIT_LEARNING_STOP=1 -DCONVOPEQ_ENABLE_AUDIOENGINE_SPLIT_PARAMETERS=1 -DCONVOPEQ_ENABLE_AUDIOENGINE_SPLIT_PROCESSING_AUDIO_BLOCK=1 -DCONVOPEQ_ENABLE_AUDIOENGINE_SPLIT_PROCESSING_BLOCK_DOUBLE=1 -DCONVOPEQ_ENABLE_AUDIOENGINE_SPLIT_PROCESSING_DSP_DOUBLE=1 -DCONVOPEQ_ENABLE_AUDIOENGINE_SPLIT_PROCESSING_DSP_FLOAT=1 -DCONVOPEQ_ENABLE_AUDIOENGINE_SPLIT_PROCESSING_DSP_IO=1 -DCONVOPEQ_ENABLE_AUDIOENGINE_SPLIT_PROCESSING_DSP_LATENCY=1 -DCONVOPEQ_ENABLE_AUDIOENGINE_SPLIT_PROCESSING_DSP_PREPARE=1 -DCONVOPEQ_ENABLE_AUDIOENGINE_SPLIT_PROCESSING_LATENCY_QUERY=1 -DCONVOPEQ_ENABLE_AUDIOENGINE_SPLIT_PROCESSING_PREPARE_TO_PLAY=1 -DCONVOPEQ_ENABLE_AUDIOENGINE_SPLIT_PROCESSING_RELEASE_RESOURCES=1 -DCONVOPEQ_ENABLE_AUDIOENGINE_SPLIT_PROCESSING_SNAPSHOT=1 -DCONVOPEQ_ENABLE_AUDIOENGINE_SPLIT_PROCESSING_TO_BUFFER=1 -DCONVOPEQ_ENABLE_AUDIOENGINE_SPLIT_REBUILD_DISPATCH=1 -DCONVOPEQ_ENABLE_AUDIOENGINE_SPLIT_REBUILD_EXECUTE=1 -DCONVOPEQ_ENABLE_AUDIOENGINE_SPLIT_SNAPSHOT_CREATE=1 -DCONVOPEQ_ENABLE_AUDIOENGINE_SPLIT_STATEIO_GET=1 -DCONVOPEQ_ENABLE_AUDIOENGINE_SPLIT_STATEIO_LOAD=1 -DCONVOPEQ_ENABLE_AUDIOENGINE_SPLIT_THREADING_ADVANCE=1 -DCONVOPEQ_ENABLE_AUDIOENGINE_SPLIT_THREADING_DEFERRED=1 -DCONVOPEQ_ENABLE_AUDIOENGINE_SPLIT_THREADING_ENTER=1 -DCONVOPEQ_ENABLE_AUDIOENGINE_SPLIT_THREADING_EXIT=1 -DCONVOPEQ_ENABLE_AUDIOENGINE_SPLIT_THREADING_PUBLISH=1 -DCONVOPEQ_ENABLE_AUDIOENGINE_SPLIT_THREADING_RECLAIM=1 -DCONVOPEQ_ENABLE_AUDIOENGINE_SPLIT_TIMER_CALLBACK=1 -DCONVOPEQ_ENABLE_AUDIOENGINE_SPLIT_UI_EVENTS=1 -DCONVOPEQ_ENABLE_CONVOLVER_SPLIT_LIFECYCLE=1 -DCONVOPEQ_ENABLE_CONVOLVER_SPLIT_LOADER_THREAD=1 -DCONVOPEQ_ENABLE_CONVOLVER_SPLIT_LOAD_PIPELINE=1 -DCONVOPEQ_ENABLE_CONVOLVER_SPLIT_MIXED_PHASE=1 -DCONVOPEQ_ENABLE_CONVOLVER_SPLIT_REBUILD=1 -DCONVOPEQ_ENABLE_CONVOLVER_SPLIT_RESAMPLE=1 -DCONVOPEQ_ENABLE_CONVOLVER_SPLIT_RUNTIME=1 -DCONVOPEQ_ENABLE_CONVOLVER_SPLIT_STATE_UI=1 -DJUCE_APPLICATION_NAME_STRING=\"ConvoPeq\" -DJUCE_APPLICATION_VERSION_STRING=\"0.6.3\" -DJUCE_ASIO=1 -DJUCE_DISABLE_ACCESSIBILITY=1 -DJUCE_DONT_DEFINE_MIN_MAX_MACROS=1 -DJUCE_DSP_USE_INTEL_MKL=1 -DJUCE_GLOBAL_MODULE_SETTINGS_INCLUDED=1 -DJUCE_MODULE_AVAILABLE_juce_audio_basics=1 -DJUCE_MODULE_AVAILABLE_juce_audio_devices=1 -DJUCE_MODULE_AVAILABLE_juce_audio_formats=1 -DJUCE_MODULE_AVAILABLE_juce_audio_processors=1 -DJUCE_MODULE_AVAILABLE_juce_audio_processors_headless=1 -DJUCE_MODULE_AVAILABLE_juce_audio_utils=1 -DJUCE_MODULE_AVAILABLE_juce_core=1 -DJUCE_MODULE_AVAILABLE_juce_data_structures=1 -DJUCE_MODULE_AVAILABLE_juce_dsp=1 -DJUCE_MODULE_AVAILABLE_juce_events=1 -DJUCE_MODULE_AVAILABLE_juce_graphics=1 -DJUCE_MODULE_AVAILABLE_juce_gui_basics=1 -DJUCE_MODULE_AVAILABLE_juce_gui_extra=1 -DJUCE_STANDALONE_APPLICATION=1 -DJUCE_USE_CURL=0 -DJUCE_USE_SIMD=1 -DJUCE_USE_SSE_INTRINSICS=1 -DJUCE_WEB_BROWSER=0 -DJUCE_WIN_PER_MONITOR_DPI_AWARE=0 -DNDEBUG=1 -DNOMINMAX -DR8B_EXTFILTERS=0 -DR8B_FASTTIMING=1 -DUNICODE -D_CRT_SECURE_NO_WARNINGS -D_NDEBUG=1 -D_UNICODE -DCMAKE_INTDIR=\"Release\" -IC:\VSC_Project\ConvoPeq\build\ConvoPeq_artefacts\JuceLibraryCode -IC:\VSC_Project\ConvoPeq -IC:\VSC_Project\ConvoPeq\src -IC:\VSC_Project\ConvoPeq\src\audioengine -IC:\VSC_Project\ConvoPeq\src\eqprocessor -IC:\VSC_Project\ConvoPeq\JUCE\modules\juce_audio_processors_headless\format_types\VST3_SDK -IC:\VSC_Project\ConvoPeq\JUCE\modules\juce_audio_processors_headless\format_types\LV2_SDK -IC:\VSC_Project\ConvoPeq\JUCE\modules\juce_audio_processors_headless\format_types\LV2_SDK\lv2 -IC:\VSC_Project\ConvoPeq\JUCE\modules\juce_audio_processors_headless\format_types\LV2_SDK\serd -IC:\VSC_Project\ConvoPeq\JUCE\modules\juce_audio_processors_headless\format_types\LV2_SDK\sord -IC:\VSC_Project\ConvoPeq\JUCE\modules\juce_audio_processors_headless\format_types\LV2_SDK\sord\src -IC:\VSC_Project\ConvoPeq\JUCE\modules\juce_audio_processors_headless\format_types\LV2_SDK\sratom -IC:\VSC_Project\ConvoPeq\JUCE\modules\juce_audio_processors_headless\format_types\LV2_SDK\lilv -IC:\VSC_Project\ConvoPeq\JUCE\modules\juce_audio_processors_headless\format_types\LV2_SDK\lilv\src -external:IC:\VSC_Project\ConvoPeq\JUCE\modules -external:I"C:\Program Files (x86)\Intel\oneAPI\mkl\latest\include" -external:I"C:\Program Files (x86)\Intel\oneAPI\ipp\latest\include" -external:IC:\VSC_Project\ConvoPeq\r8brain-free-src -external:I"C:\Program Files (x86)\Intel\oneAPI\mkl\2025.3\include" -external:I"C:\Program Files (x86)\Intel\oneAPI\ipp\2022.3\include" -external:W0 /DWIN32 /D_WINDOWS /EHsc /Zm200 /bigobj /O2 /Ob2 /DNDEBUG /GL /arch:AVX2 /fp:fast /Gw /Gy -std:c++20 -MD /GL /GL /utf-8 /W4 /wd4100 /wd4189 /MP1 /EHsc /Zm200 /bigobj /arch:AVX2 /showIncludes /FoCMakeFiles\ConvoPeq.dir\Release\src\audioengine\AudioEngine.Processing.Latency.cpp.obj /FdCMakeFiles\ConvoPeq.dir\Release\ /FS -c C:\VSC_Project\ConvoPeq\src\audioengine\AudioEngine.Processing.Latency.cpp
C:\VSC_Project\ConvoPeq\JUCE\modules\juce_core\system/juce_StandardHeader.h(62): fatal error C1083: include ファイルを開けません。'algorithm':No such file or directory
ninja: build stopped: subcommand failed.
